mode: set
github.com/dmytrogajewski/spin/internal/core/task/compact.go:63.28,67.2 1 1
github.com/dmytrogajewski/spin/internal/core/task/compact.go:71.59,75.2 1 1
github.com/dmytrogajewski/spin/internal/core/task/compact.go:79.33,81.2 1 1
github.com/dmytrogajewski/spin/internal/core/task/compact.go:88.41,89.58 1 1
github.com/dmytrogajewski/spin/internal/core/task/compact.go:89.58,91.3 1 1
github.com/dmytrogajewski/spin/internal/core/task/compact.go:92.2,92.29 1 1
github.com/dmytrogajewski/spin/internal/core/task/compact.go:128.43,137.58 2 1
github.com/dmytrogajewski/spin/internal/core/task/compact.go:137.58,139.3 1 1
github.com/dmytrogajewski/spin/internal/core/task/compact.go:141.2,141.14 1 1
github.com/dmytrogajewski/spin/internal/core/task/compact.go:151.35,152.47 1 1
github.com/dmytrogajewski/spin/internal/core/task/compact.go:152.47,154.3 1 1
github.com/dmytrogajewski/spin/internal/core/task/compact.go:155.2,155.32 1 1
github.com/dmytrogajewski/spin/internal/core/task/compact.go:169.36,170.21 1 1
github.com/dmytrogajewski/spin/internal/core/task/compact.go:170.21,172.3 1 1
github.com/dmytrogajewski/spin/internal/core/task/compact.go:174.2,177.28 2 1
github.com/dmytrogajewski/spin/internal/core/task/compact.go:177.28,179.3 1 1
github.com/dmytrogajewski/spin/internal/core/task/compact.go:180.2,180.43 1 1
github.com/dmytrogajewski/spin/internal/core/task/compact.go:180.43,182.3 1 1
github.com/dmytrogajewski/spin/internal/core/task/compact.go:185.2,185.48 1 1
github.com/dmytrogajewski/spin/internal/core/task/compact.go:185.48,186.17 1 1
github.com/dmytrogajewski/spin/internal/core/task/compact.go:186.17,188.4 1 1
github.com/dmytrogajewski/spin/internal/core/task/compact.go:192.2,192.93 1 1
github.com/dmytrogajewski/spin/internal/core/task/compact.go:192.93,194.3 1 1
github.com/dmytrogajewski/spin/internal/core/task/compact.go:196.2,196.19 1 1
github.com/dmytrogajewski/spin/internal/core/task/compact.go:196.19,198.3 1 1
github.com/dmytrogajewski/spin/internal/core/task/compact.go:200.2,200.12 1 1
github.com/dmytrogajewski/spin/internal/core/task/regular.go:68.28,72.2 1 1
github.com/dmytrogajewski/spin/internal/core/task/regular.go:76.59,80.2 1 1
github.com/dmytrogajewski/spin/internal/core/task/regular.go:84.33,86.2 1 1
github.com/dmytrogajewski/spin/internal/core/task/regular.go:94.41,95.58 1 1
github.com/dmytrogajewski/spin/internal/core/task/regular.go:95.58,97.3 1 1
github.com/dmytrogajewski/spin/internal/core/task/regular.go:98.2,98.28 1 1
github.com/dmytrogajewski/spin/internal/core/task/regular.go:150.43,175.56 2 1
github.com/dmytrogajewski/spin/internal/core/task/regular.go:175.56,177.3 1 1
github.com/dmytrogajewski/spin/internal/core/task/regular.go:179.2,179.14 1 1
github.com/dmytrogajewski/spin/internal/core/task/regular.go:188.35,189.47 1 1
github.com/dmytrogajewski/spin/internal/core/task/regular.go:189.47,191.3 1 1
github.com/dmytrogajewski/spin/internal/core/task/regular.go:192.2,192.25 1 1
github.com/dmytrogajewski/spin/internal/core/task/regular.go:206.36,207.21 1 1
github.com/dmytrogajewski/spin/internal/core/task/regular.go:207.21,209.3 1 1
github.com/dmytrogajewski/spin/internal/core/task/regular.go:211.2,214.28 2 1
github.com/dmytrogajewski/spin/internal/core/task/regular.go:214.28,216.3 1 1
github.com/dmytrogajewski/spin/internal/core/task/regular.go:217.2,217.43 1 1
github.com/dmytrogajewski/spin/internal/core/task/regular.go:217.43,219.3 1 1
github.com/dmytrogajewski/spin/internal/core/task/regular.go:222.2,222.46 1 1
github.com/dmytrogajewski/spin/internal/core/task/regular.go:222.46,223.17 1 1
github.com/dmytrogajewski/spin/internal/core/task/regular.go:223.17,225.4 1 1
github.com/dmytrogajewski/spin/internal/core/task/regular.go:229.2,229.93 1 1
github.com/dmytrogajewski/spin/internal/core/task/regular.go:229.93,231.3 1 1
github.com/dmytrogajewski/spin/internal/core/task/regular.go:233.2,233.19 1 1
github.com/dmytrogajewski/spin/internal/core/task/regular.go:233.19,235.3 1 1
github.com/dmytrogajewski/spin/internal/core/task/regular.go:237.2,237.12 1 1
github.com/dmytrogajewski/spin/internal/core/task/regular.go:243.62,246.32 2 1
github.com/dmytrogajewski/spin/internal/core/task/regular.go:246.32,248.3 1 1
github.com/dmytrogajewski/spin/internal/core/task/regular.go:251.2,252.29 2 1
github.com/dmytrogajewski/spin/internal/core/task/regular.go:252.29,253.24 1 1
github.com/dmytrogajewski/spin/internal/core/task/regular.go:253.24,255.4 1 1
github.com/dmytrogajewski/spin/internal/core/task/regular.go:258.2,258.17 1 1
github.com/dmytrogajewski/spin/internal/core/task/review.go:71.26,75.2 1 1
github.com/dmytrogajewski/spin/internal/core/task/review.go:79.56,83.2 1 1
github.com/dmytrogajewski/spin/internal/core/task/review.go:87.32,89.2 1 1
github.com/dmytrogajewski/spin/internal/core/task/review.go:96.40,97.58 1 1
github.com/dmytrogajewski/spin/internal/core/task/review.go:97.58,99.3 1 1
github.com/dmytrogajewski/spin/internal/core/task/review.go:100.2,100.28 1 1
github.com/dmytrogajewski/spin/internal/core/task/review.go:177.42,192.21 3 1
github.com/dmytrogajewski/spin/internal/core/task/review.go:192.21,194.3 1 1
github.com/dmytrogajewski/spin/internal/core/task/review.go:196.2,196.16 1 1
github.com/dmytrogajewski/spin/internal/core/task/review.go:196.16,202.3 1 1
github.com/dmytrogajewski/spin/internal/core/task/review.go:204.2,204.14 1 1
github.com/dmytrogajewski/spin/internal/core/task/review.go:214.34,215.47 1 1
github.com/dmytrogajewski/spin/internal/core/task/review.go:215.47,217.3 1 1
github.com/dmytrogajewski/spin/internal/core/task/review.go:218.2,218.31 1 1
github.com/dmytrogajewski/spin/internal/core/task/review.go:232.35,233.21 1 1
github.com/dmytrogajewski/spin/internal/core/task/review.go:233.21,235.3 1 1
github.com/dmytrogajewski/spin/internal/core/task/review.go:237.2,240.28 2 1
github.com/dmytrogajewski/spin/internal/core/task/review.go:240.28,242.3 1 1
github.com/dmytrogajewski/spin/internal/core/task/review.go:243.2,243.43 1 1
github.com/dmytrogajewski/spin/internal/core/task/review.go:243.43,245.3 1 1
github.com/dmytrogajewski/spin/internal/core/task/review.go:248.2,248.47 1 1
github.com/dmytrogajewski/spin/internal/core/task/review.go:248.47,249.20 1 1
github.com/dmytrogajewski/spin/internal/core/task/review.go:249.20,251.4 1 1
github.com/dmytrogajewski/spin/internal/core/task/review.go:255.2,255.93 1 1
github.com/dmytrogajewski/spin/internal/core/task/review.go:255.93,257.3 1 1
github.com/dmytrogajewski/spin/internal/core/task/review.go:259.2,259.19 1 1
github.com/dmytrogajewski/spin/internal/core/task/review.go:259.19,261.3 1 1
github.com/dmytrogajewski/spin/internal/core/task/review.go:263.2,263.12 1 1
github.com/dmytrogajewski/spin/internal/core/task/task.go:97.30,101.2 1 1
github.com/dmytrogajewski/spin/internal/core/task/task.go:111.59,113.17 1 1
github.com/dmytrogajewski/spin/internal/core/task/task.go:113.17,115.3 1 1
github.com/dmytrogajewski/spin/internal/core/task/task.go:118.2,118.47 1 1
github.com/dmytrogajewski/spin/internal/core/task/task.go:118.47,120.3 1 1
github.com/dmytrogajewski/spin/internal/core/task/task.go:122.2,126.40 3 1
github.com/dmytrogajewski/spin/internal/core/task/task.go:126.40,128.3 1 1
github.com/dmytrogajewski/spin/internal/core/task/task.go:131.2,132.12 2 1
github.com/dmytrogajewski/spin/internal/core/task/task.go:139.51,144.13 4 1
github.com/dmytrogajewski/spin/internal/core/task/task.go:144.13,146.3 1 1
github.com/dmytrogajewski/spin/internal/core/task/task.go:148.2,148.18 1 1
github.com/dmytrogajewski/spin/internal/core/task/task.go:155.36,160.28 4 1
github.com/dmytrogajewski/spin/internal/core/task/task.go:160.28,162.3 1 1
github.com/dmytrogajewski/spin/internal/core/task/task.go:164.2,165.14 2 1
github.com/dmytrogajewski/spin/internal/core/task/task.go:171.42,177.2 4 1
github.com/dmytrogajewski/spin/internal/core/task/task.go:183.50,188.41 3 1
github.com/dmytrogajewski/spin/internal/core/task/task.go:188.41,190.3 1 1
github.com/dmytrogajewski/spin/internal/core/task/task.go:192.2,193.12 2 1
github.com/dmytrogajewski/spin/internal/core/task/task.go:200.47,204.25 3 1
github.com/dmytrogajewski/spin/internal/core/task/task.go:204.25,206.3 1 1
github.com/dmytrogajewski/spin/internal/core/task/task.go:208.2,209.13 2 1
github.com/dmytrogajewski/spin/internal/core/task/task.go:209.13,213.3 1 0
github.com/dmytrogajewski/spin/internal/core/task/task.go:215.2,215.18 1 1
github.com/dmytrogajewski/spin/internal/core/task/task.go:229.42,230.16 1 1
github.com/dmytrogajewski/spin/internal/core/task/task.go:230.16,232.3 1 1
github.com/dmytrogajewski/spin/internal/core/task/task.go:234.2,234.20 1 1
github.com/dmytrogajewski/spin/internal/core/task/task.go:234.20,236.3 1 1
github.com/dmytrogajewski/spin/internal/core/task/task.go:240.2,242.16 3 1
github.com/dmytrogajewski/spin/internal/core/task/task.go:242.16,244.3 1 0
github.com/dmytrogajewski/spin/internal/core/task/task.go:246.2,246.14 1 1
github.com/dmytrogajewski/spin/internal/core/task/task.go:246.14,248.3 1 1
github.com/dmytrogajewski/spin/internal/core/task/task.go:251.2,251.54 1 1
github.com/dmytrogajewski/spin/internal/core/task/task.go:251.54,253.3 1 1
github.com/dmytrogajewski/spin/internal/core/task/task.go:255.2,255.12 1 1
