mode: atomic
github.com/dmytrogajewski/spin/internal/core/config.go:55.30,69.2 1 0
github.com/dmytrogajewski/spin/internal/core/config.go:72.41,76.16 3 0
github.com/dmytrogajewski/spin/internal/core/config.go:76.16,85.3 1 0
github.com/dmytrogajewski/spin/internal/core/config.go:87.2,88.51 2 0
github.com/dmytrogajewski/spin/internal/core/config.go:88.51,97.3 1 0
github.com/dmytrogajewski/spin/internal/core/config.go:99.2,99.18 1 0
github.com/dmytrogajewski/spin/internal/core/config.go:104.47,111.16 3 0
github.com/dmytrogajewski/spin/internal/core/config.go:111.16,113.17 2 0
github.com/dmytrogajewski/spin/internal/core/config.go:113.17,116.55 2 0
github.com/dmytrogajewski/spin/internal/core/config.go:116.55,118.5 1 0
github.com/dmytrogajewski/spin/internal/core/config.go:120.3,120.21 1 0
github.com/dmytrogajewski/spin/internal/core/config.go:120.21,122.4 1 0
github.com/dmytrogajewski/spin/internal/core/config.go:126.2,130.39 3 0
github.com/dmytrogajewski/spin/internal/core/config.go:130.39,136.3 1 0
github.com/dmytrogajewski/spin/internal/core/config.go:138.2,138.17 1 0
github.com/dmytrogajewski/spin/internal/core/config.go:142.35,145.22 2 0
github.com/dmytrogajewski/spin/internal/core/config.go:145.22,147.3 1 0
github.com/dmytrogajewski/spin/internal/core/config.go:149.2,149.19 1 0
github.com/dmytrogajewski/spin/internal/core/config.go:149.19,151.3 1 0
github.com/dmytrogajewski/spin/internal/core/config.go:153.2,153.21 1 0
github.com/dmytrogajewski/spin/internal/core/config.go:153.21,155.3 1 0
github.com/dmytrogajewski/spin/internal/core/config.go:157.2,157.20 1 0
github.com/dmytrogajewski/spin/internal/core/config.go:157.20,159.3 1 0
github.com/dmytrogajewski/spin/internal/core/config.go:162.2,164.34 3 0
github.com/dmytrogajewski/spin/internal/core/config.go:164.34,165.28 1 0
github.com/dmytrogajewski/spin/internal/core/config.go:165.28,167.9 2 0
github.com/dmytrogajewski/spin/internal/core/config.go:170.2,170.16 1 0
github.com/dmytrogajewski/spin/internal/core/config.go:170.16,172.3 1 0
github.com/dmytrogajewski/spin/internal/core/config.go:174.2,174.22 1 0
github.com/dmytrogajewski/spin/internal/core/config.go:174.22,176.3 1 0
github.com/dmytrogajewski/spin/internal/core/config.go:178.2,178.19 1 0
github.com/dmytrogajewski/spin/internal/core/config.go:178.19,180.3 1 0
github.com/dmytrogajewski/spin/internal/core/config.go:182.2,182.12 1 0
github.com/dmytrogajewski/spin/internal/core/config.go:187.47,195.2 7 0
github.com/dmytrogajewski/spin/internal/core/config.go:198.39,221.37 2 0
github.com/dmytrogajewski/spin/internal/core/config.go:221.37,223.3 1 0
github.com/dmytrogajewski/spin/internal/core/config.go:225.2,225.15 1 0
github.com/dmytrogajewski/spin/internal/core/config.go:229.53,230.41 1 0
github.com/dmytrogajewski/spin/internal/core/config.go:230.41,232.3 1 0
github.com/dmytrogajewski/spin/internal/core/config.go:236.51,237.26 1 0
github.com/dmytrogajewski/spin/internal/core/config.go:237.26,239.3 1 0
github.com/dmytrogajewski/spin/internal/core/config.go:240.2,240.23 1 0
github.com/dmytrogajewski/spin/internal/core/config.go:240.23,242.3 1 0
github.com/dmytrogajewski/spin/internal/core/config.go:243.2,243.25 1 0
github.com/dmytrogajewski/spin/internal/core/config.go:243.25,245.3 1 0
github.com/dmytrogajewski/spin/internal/core/config.go:246.2,246.29 1 0
github.com/dmytrogajewski/spin/internal/core/config.go:246.29,248.3 1 0
github.com/dmytrogajewski/spin/internal/core/config.go:249.2,249.28 1 0
github.com/dmytrogajewski/spin/internal/core/config.go:249.28,251.3 1 0
github.com/dmytrogajewski/spin/internal/core/config.go:252.2,252.28 1 0
github.com/dmytrogajewski/spin/internal/core/config.go:252.28,254.3 1 0
github.com/dmytrogajewski/spin/internal/core/config.go:258.48,259.25 1 0
github.com/dmytrogajewski/spin/internal/core/config.go:259.25,261.3 1 0
github.com/dmytrogajewski/spin/internal/core/config.go:262.2,262.24 1 0
github.com/dmytrogajewski/spin/internal/core/config.go:262.24,264.3 1 0
github.com/dmytrogajewski/spin/internal/core/config.go:265.2,265.26 1 0
github.com/dmytrogajewski/spin/internal/core/config.go:265.26,267.3 1 0
github.com/dmytrogajewski/spin/internal/core/config.go:268.2,268.29 1 0
github.com/dmytrogajewski/spin/internal/core/config.go:268.29,270.3 1 0
github.com/dmytrogajewski/spin/internal/core/config.go:271.2,271.29 1 0
github.com/dmytrogajewski/spin/internal/core/config.go:271.29,273.3 1 0
github.com/dmytrogajewski/spin/internal/core/config.go:277.50,278.36 1 0
github.com/dmytrogajewski/spin/internal/core/config.go:278.36,280.3 1 0
github.com/dmytrogajewski/spin/internal/core/config.go:281.2,281.31 1 0
github.com/dmytrogajewski/spin/internal/core/config.go:281.31,283.3 1 0
github.com/dmytrogajewski/spin/internal/core/config.go:287.55,288.72 1 0
github.com/dmytrogajewski/spin/internal/core/config.go:288.72,290.3 1 0
github.com/dmytrogajewski/spin/internal/core/config.go:291.2,291.39 1 0
github.com/dmytrogajewski/spin/internal/core/config.go:291.39,293.3 1 0
github.com/dmytrogajewski/spin/internal/core/config.go:294.2,294.43 1 0
github.com/dmytrogajewski/spin/internal/core/config.go:294.43,296.3 1 0
github.com/dmytrogajewski/spin/internal/core/config.go:297.2,297.47 1 0
github.com/dmytrogajewski/spin/internal/core/config.go:297.47,299.3 1 0
github.com/dmytrogajewski/spin/internal/core/config.go:303.28,313.45 5 0
github.com/dmytrogajewski/spin/internal/core/config.go:313.45,314.50 1 0
github.com/dmytrogajewski/spin/internal/core/config.go:314.50,316.4 1 0
github.com/dmytrogajewski/spin/internal/core/config.go:319.2,319.12 1 0
github.com/dmytrogajewski/spin/internal/core/config.go:323.37,334.32 2 0
github.com/dmytrogajewski/spin/internal/core/config.go:334.32,335.35 1 0
github.com/dmytrogajewski/spin/internal/core/config.go:335.35,337.4 1 0
github.com/dmytrogajewski/spin/internal/core/config.go:342.34,350.35 2 0
github.com/dmytrogajewski/spin/internal/core/config.go:350.35,351.35 1 0
github.com/dmytrogajewski/spin/internal/core/config.go:351.35,352.45 1 0
github.com/dmytrogajewski/spin/internal/core/config.go:352.45,354.5 1 0
github.com/dmytrogajewski/spin/internal/core/config.go:360.35,368.36 2 0
github.com/dmytrogajewski/spin/internal/core/config.go:368.36,369.35 1 0
github.com/dmytrogajewski/spin/internal/core/config.go:369.35,370.50 1 0
github.com/dmytrogajewski/spin/internal/core/config.go:370.50,372.5 1 0
github.com/dmytrogajewski/spin/internal/core/context.go:70.42,71.32 1 0
github.com/dmytrogajewski/spin/internal/core/context.go:71.32,73.3 1 0
github.com/dmytrogajewski/spin/internal/core/context.go:77.44,78.32 1 0
github.com/dmytrogajewski/spin/internal/core/context.go:78.32,80.3 1 0
github.com/dmytrogajewski/spin/internal/core/context.go:84.43,85.32 1 0
github.com/dmytrogajewski/spin/internal/core/context.go:85.32,87.3 1 0
github.com/dmytrogajewski/spin/internal/core/context.go:93.70,100.27 2 0
github.com/dmytrogajewski/spin/internal/core/context.go:100.27,102.3 1 0
github.com/dmytrogajewski/spin/internal/core/context.go:105.2,105.44 1 0
github.com/dmytrogajewski/spin/internal/core/context.go:105.44,107.3 1 0
github.com/dmytrogajewski/spin/internal/core/context.go:110.2,114.18 3 0
github.com/dmytrogajewski/spin/internal/core/context.go:114.18,116.3 1 0
github.com/dmytrogajewski/spin/internal/core/context.go:119.2,120.16 2 0
github.com/dmytrogajewski/spin/internal/core/context.go:120.16,123.3 1 0
github.com/dmytrogajewski/spin/internal/core/context.go:126.2,140.8 4 0
github.com/dmytrogajewski/spin/internal/core/context.go:144.28,154.86 3 0
github.com/dmytrogajewski/spin/internal/core/context.go:154.86,155.70 1 0
github.com/dmytrogajewski/spin/internal/core/context.go:155.70,157.4 1 0
github.com/dmytrogajewski/spin/internal/core/context.go:160.2,160.13 1 0
github.com/dmytrogajewski/spin/internal/core/context.go:165.54,167.48 1 0
github.com/dmytrogajewski/spin/internal/core/context.go:167.48,169.3 1 0
github.com/dmytrogajewski/spin/internal/core/context.go:172.2,175.16 4 0
github.com/dmytrogajewski/spin/internal/core/context.go:175.16,177.3 1 0
github.com/dmytrogajewski/spin/internal/core/context.go:179.2,188.45 5 0
github.com/dmytrogajewski/spin/internal/core/context.go:188.45,190.3 1 0
github.com/dmytrogajewski/spin/internal/core/context.go:193.2,195.45 3 0
github.com/dmytrogajewski/spin/internal/core/context.go:195.45,200.58 3 0
github.com/dmytrogajewski/spin/internal/core/context.go:200.58,201.37 1 0
github.com/dmytrogajewski/spin/internal/core/context.go:201.37,204.5 2 0
github.com/dmytrogajewski/spin/internal/core/context.go:209.2,211.45 3 0
github.com/dmytrogajewski/spin/internal/core/context.go:211.45,213.60 2 0
github.com/dmytrogajewski/spin/internal/core/context.go:213.60,215.23 2 0
github.com/dmytrogajewski/spin/internal/core/context.go:215.23,218.46 3 0
github.com/dmytrogajewski/spin/internal/core/context.go:218.46,220.6 1 0
github.com/dmytrogajewski/spin/internal/core/context.go:224.3,224.36 1 0
github.com/dmytrogajewski/spin/internal/core/context.go:224.36,229.4 1 0
github.com/dmytrogajewski/spin/internal/core/context.go:232.2,232.18 1 0
github.com/dmytrogajewski/spin/internal/core/context.go:236.83,256.85 4 0
github.com/dmytrogajewski/spin/internal/core/context.go:256.85,257.17 1 0
github.com/dmytrogajewski/spin/internal/core/context.go:257.17,259.4 1 0
github.com/dmytrogajewski/spin/internal/core/context.go:262.3,263.17 2 0
github.com/dmytrogajewski/spin/internal/core/context.go:263.17,265.4 1 0
github.com/dmytrogajewski/spin/internal/core/context.go:268.3,269.23 2 0
github.com/dmytrogajewski/spin/internal/core/context.go:269.23,270.17 1 0
github.com/dmytrogajewski/spin/internal/core/context.go:270.17,272.5 1 0
github.com/dmytrogajewski/spin/internal/core/context.go:273.4,273.14 1 0
github.com/dmytrogajewski/spin/internal/core/context.go:277.3,277.16 1 0
github.com/dmytrogajewski/spin/internal/core/context.go:277.16,279.51 2 0
github.com/dmytrogajewski/spin/internal/core/context.go:279.51,281.5 1 0
github.com/dmytrogajewski/spin/internal/core/context.go:282.4,282.22 1 0
github.com/dmytrogajewski/spin/internal/core/context.go:282.22,284.5 1 0
github.com/dmytrogajewski/spin/internal/core/context.go:285.4,285.14 1 0
github.com/dmytrogajewski/spin/internal/core/context.go:289.3,289.39 1 0
github.com/dmytrogajewski/spin/internal/core/context.go:289.39,291.4 1 0
github.com/dmytrogajewski/spin/internal/core/context.go:294.3,294.24 1 0
github.com/dmytrogajewski/spin/internal/core/context.go:294.24,296.4 1 0
github.com/dmytrogajewski/spin/internal/core/context.go:299.3,300.17 2 0
github.com/dmytrogajewski/spin/internal/core/context.go:300.17,302.4 1 0
github.com/dmytrogajewski/spin/internal/core/context.go:305.3,318.13 5 0
github.com/dmytrogajewski/spin/internal/core/context.go:321.2,321.19 1 0
github.com/dmytrogajewski/spin/internal/core/context.go:325.47,358.46 2 0
github.com/dmytrogajewski/spin/internal/core/context.go:358.46,360.3 1 0
github.com/dmytrogajewski/spin/internal/core/context.go:361.2,361.18 1 0
github.com/dmytrogajewski/spin/internal/core/context.go:365.34,367.16 2 0
github.com/dmytrogajewski/spin/internal/core/context.go:367.16,369.3 1 0
github.com/dmytrogajewski/spin/internal/core/context.go:370.2,374.21 4 0
github.com/dmytrogajewski/spin/internal/core/context.go:374.21,376.3 1 0
github.com/dmytrogajewski/spin/internal/core/context.go:378.2,378.14 1 0
github.com/dmytrogajewski/spin/internal/core/context.go:382.49,383.36 1 0
github.com/dmytrogajewski/spin/internal/core/context.go:383.36,384.27 1 0
github.com/dmytrogajewski/spin/internal/core/context.go:384.27,385.55 1 0
github.com/dmytrogajewski/spin/internal/core/context.go:385.55,387.5 1 0
github.com/dmytrogajewski/spin/internal/core/context.go:389.3,389.15 1 0
github.com/dmytrogajewski/spin/internal/core/context.go:393.2,393.23 1 0
github.com/dmytrogajewski/spin/internal/core/context.go:393.23,395.3 1 0
github.com/dmytrogajewski/spin/internal/core/context.go:398.2,398.85 1 0
github.com/dmytrogajewski/spin/internal/core/context.go:398.85,400.3 1 0
github.com/dmytrogajewski/spin/internal/core/context.go:403.2,403.29 1 0
github.com/dmytrogajewski/spin/internal/core/context.go:403.29,405.3 1 0
github.com/dmytrogajewski/spin/internal/core/context.go:408.2,408.27 1 0
github.com/dmytrogajewski/spin/internal/core/context.go:408.27,410.3 1 0
github.com/dmytrogajewski/spin/internal/core/context.go:413.2,413.24 1 0
github.com/dmytrogajewski/spin/internal/core/context.go:413.24,415.3 1 0
github.com/dmytrogajewski/spin/internal/core/context.go:418.2,418.24 1 0
github.com/dmytrogajewski/spin/internal/core/context.go:418.24,420.3 1 0
github.com/dmytrogajewski/spin/internal/core/context.go:423.2,423.60 1 0
github.com/dmytrogajewski/spin/internal/core/context.go:423.60,425.3 1 0
github.com/dmytrogajewski/spin/internal/core/context.go:427.2,427.18 1 0
github.com/dmytrogajewski/spin/internal/core/context.go:431.49,434.29 2 0
github.com/dmytrogajewski/spin/internal/core/context.go:434.29,437.59 1 0
github.com/dmytrogajewski/spin/internal/core/context.go:437.59,439.4 1 0
github.com/dmytrogajewski/spin/internal/core/context.go:443.2,444.32 2 0
github.com/dmytrogajewski/spin/internal/core/context.go:444.32,446.3 1 0
github.com/dmytrogajewski/spin/internal/core/context.go:447.2,449.18 2 0
github.com/dmytrogajewski/spin/internal/core/context.go:453.56,477.39 4 0
github.com/dmytrogajewski/spin/internal/core/context.go:477.39,481.44 2 0
github.com/dmytrogajewski/spin/internal/core/context.go:481.44,482.43 1 0
github.com/dmytrogajewski/spin/internal/core/context.go:482.43,484.5 1 0
github.com/dmytrogajewski/spin/internal/core/context.go:488.3,488.49 1 0
github.com/dmytrogajewski/spin/internal/core/context.go:488.49,489.45 1 0
github.com/dmytrogajewski/spin/internal/core/context.go:489.45,491.5 1 0
github.com/dmytrogajewski/spin/internal/core/context.go:494.3,494.15 1 0
github.com/dmytrogajewski/spin/internal/core/context.go:497.2,497.24 1 0
github.com/dmytrogajewski/spin/internal/core/context.go:497.24,499.22 2 0
github.com/dmytrogajewski/spin/internal/core/context.go:499.22,500.12 1 0
github.com/dmytrogajewski/spin/internal/core/context.go:503.3,506.24 3 0
github.com/dmytrogajewski/spin/internal/core/context.go:506.24,508.4 1 0
github.com/dmytrogajewski/spin/internal/core/context.go:511.2,511.17 1 0
github.com/dmytrogajewski/spin/internal/core/context.go:516.35,523.23 4 0
github.com/dmytrogajewski/spin/internal/core/context.go:523.23,525.3 1 0
github.com/dmytrogajewski/spin/internal/core/context.go:526.2,526.22 1 0
github.com/dmytrogajewski/spin/internal/core/context.go:526.22,528.3 1 0
github.com/dmytrogajewski/spin/internal/core/context.go:531.2,534.32 2 0
github.com/dmytrogajewski/spin/internal/core/context.go:534.32,536.3 1 0
github.com/dmytrogajewski/spin/internal/core/context.go:539.2,539.26 1 0
github.com/dmytrogajewski/spin/internal/core/context.go:539.26,541.3 1 0
github.com/dmytrogajewski/spin/internal/core/context.go:544.2,544.18 1 0
github.com/dmytrogajewski/spin/internal/core/context.go:544.18,546.23 2 0
github.com/dmytrogajewski/spin/internal/core/context.go:546.23,548.4 1 0
github.com/dmytrogajewski/spin/internal/core/context.go:549.3,551.36 2 0
github.com/dmytrogajewski/spin/internal/core/context.go:551.36,553.4 1 0
github.com/dmytrogajewski/spin/internal/core/context.go:555.3,555.29 1 0
github.com/dmytrogajewski/spin/internal/core/context.go:555.29,557.4 1 0
github.com/dmytrogajewski/spin/internal/core/context.go:561.2,561.22 1 0
github.com/dmytrogajewski/spin/internal/core/context.go:561.22,566.32 3 0
github.com/dmytrogajewski/spin/internal/core/context.go:566.32,567.20 1 0
github.com/dmytrogajewski/spin/internal/core/context.go:567.20,569.10 2 0
github.com/dmytrogajewski/spin/internal/core/context.go:572.4,572.34 1 0
github.com/dmytrogajewski/spin/internal/core/context.go:572.34,574.5 1 0
github.com/dmytrogajewski/spin/internal/core/context.go:574.10,576.5 1 0
github.com/dmytrogajewski/spin/internal/core/context.go:580.2,580.20 1 0
github.com/dmytrogajewski/spin/internal/core/error.go:72.36,73.11 1 0
github.com/dmytrogajewski/spin/internal/core/error.go:74.22,75.19 1 0
github.com/dmytrogajewski/spin/internal/core/error.go:76.27,77.25 1 0
github.com/dmytrogajewski/spin/internal/core/error.go:78.23,79.21 1 0
github.com/dmytrogajewski/spin/internal/core/error.go:80.28,81.26 1 0
github.com/dmytrogajewski/spin/internal/core/error.go:82.31,83.29 1 0
github.com/dmytrogajewski/spin/internal/core/error.go:84.22,85.19 1 0
github.com/dmytrogajewski/spin/internal/core/error.go:86.24,87.21 1 0
github.com/dmytrogajewski/spin/internal/core/error.go:88.23,89.20 1 0
github.com/dmytrogajewski/spin/internal/core/error.go:90.23,91.20 1 0
github.com/dmytrogajewski/spin/internal/core/error.go:92.10,93.19 1 0
github.com/dmytrogajewski/spin/internal/core/error.go:113.32,114.18 1 0
github.com/dmytrogajewski/spin/internal/core/error.go:114.18,116.3 1 0
github.com/dmytrogajewski/spin/internal/core/error.go:117.2,117.13 1 0
github.com/dmytrogajewski/spin/internal/core/error.go:121.32,123.2 1 0
github.com/dmytrogajewski/spin/internal/core/error.go:126.39,128.9 2 0
github.com/dmytrogajewski/spin/internal/core/error.go:128.9,130.3 1 0
github.com/dmytrogajewski/spin/internal/core/error.go:132.2,132.58 1 0
github.com/dmytrogajewski/spin/internal/core/error.go:132.58,134.3 1 0
github.com/dmytrogajewski/spin/internal/core/error.go:135.2,135.14 1 0
github.com/dmytrogajewski/spin/internal/core/error.go:157.32,158.11 1 0
github.com/dmytrogajewski/spin/internal/core/error.go:159.17,160.16 1 0
github.com/dmytrogajewski/spin/internal/core/error.go:161.20,162.19 1 0
github.com/dmytrogajewski/spin/internal/core/error.go:163.19,164.18 1 0
github.com/dmytrogajewski/spin/internal/core/error.go:165.22,166.21 1 0
github.com/dmytrogajewski/spin/internal/core/error.go:167.19,168.18 1 0
github.com/dmytrogajewski/spin/internal/core/error.go:169.22,170.21 1 0
github.com/dmytrogajewski/spin/internal/core/error.go:171.10,172.19 1 0
github.com/dmytrogajewski/spin/internal/core/error.go:177.46,179.2 1 0
github.com/dmytrogajewski/spin/internal/core/error.go:182.50,184.13 2 0
github.com/dmytrogajewski/spin/internal/core/error.go:185.14,186.17 1 0
github.com/dmytrogajewski/spin/internal/core/error.go:187.17,188.20 1 0
github.com/dmytrogajewski/spin/internal/core/error.go:189.16,190.19 1 0
github.com/dmytrogajewski/spin/internal/core/error.go:191.19,192.22 1 0
github.com/dmytrogajewski/spin/internal/core/error.go:193.16,194.19 1 0
github.com/dmytrogajewski/spin/internal/core/error.go:195.19,196.22 1 0
github.com/dmytrogajewski/spin/internal/core/error.go:197.10,198.46 1 0
github.com/dmytrogajewski/spin/internal/core/error.go:200.2,200.12 1 0
github.com/dmytrogajewski/spin/internal/core/error.go:225.35,226.17 1 0
github.com/dmytrogajewski/spin/internal/core/error.go:226.17,236.3 1 0
github.com/dmytrogajewski/spin/internal/core/error.go:238.2,238.18 1 0
github.com/dmytrogajewski/spin/internal/core/error.go:238.18,248.3 1 0
github.com/dmytrogajewski/spin/internal/core/error.go:251.2,251.44 1 0
github.com/dmytrogajewski/spin/internal/core/error.go:251.44,256.44 3 0
github.com/dmytrogajewski/spin/internal/core/error.go:256.44,266.4 1 0
github.com/dmytrogajewski/spin/internal/core/error.go:269.2,269.12 1 0
github.com/dmytrogajewski/spin/internal/core/error.go:285.54,291.2 1 0
github.com/dmytrogajewski/spin/internal/core/event.go:50.36,68.25 2 15
github.com/dmytrogajewski/spin/internal/core/event.go:68.25,70.3 1 14
github.com/dmytrogajewski/spin/internal/core/event.go:71.2,71.18 1 1
github.com/dmytrogajewski/spin/internal/core/event.go:132.52,138.2 1 16
github.com/dmytrogajewski/spin/internal/core/event.go:143.80,147.14 3 1125
github.com/dmytrogajewski/spin/internal/core/event.go:147.14,149.3 1 2
github.com/dmytrogajewski/spin/internal/core/event.go:152.2,158.20 4 1123
github.com/dmytrogajewski/spin/internal/core/event.go:163.47,167.45 3 1012
github.com/dmytrogajewski/spin/internal/core/event.go:167.45,170.3 2 1011
github.com/dmytrogajewski/spin/internal/core/event.go:176.42,178.30 1 166
github.com/dmytrogajewski/spin/internal/core/event.go:178.30,180.3 1 165
github.com/dmytrogajewski/spin/internal/core/event.go:182.2,186.14 3 166
github.com/dmytrogajewski/spin/internal/core/event.go:186.14,188.3 1 0
github.com/dmytrogajewski/spin/internal/core/event.go:191.2,191.35 1 166
github.com/dmytrogajewski/spin/internal/core/event.go:191.35,192.10 1 189
github.com/dmytrogajewski/spin/internal/core/event.go:193.20,193.20 0 188
github.com/dmytrogajewski/spin/internal/core/event.go:195.11,195.11 0 1
github.com/dmytrogajewski/spin/internal/core/event.go:205.32,209.14 3 5
github.com/dmytrogajewski/spin/internal/core/event.go:209.14,211.3 1 2
github.com/dmytrogajewski/spin/internal/core/event.go:213.2,216.36 2 3
github.com/dmytrogajewski/spin/internal/core/event.go:216.36,219.3 2 2
github.com/dmytrogajewski/spin/internal/core/executor.go:64.33,66.2 1 0
github.com/dmytrogajewski/spin/internal/core/executor.go:69.32,71.2 1 0
github.com/dmytrogajewski/spin/internal/core/executor.go:74.34,75.38 1 0
github.com/dmytrogajewski/spin/internal/core/executor.go:75.38,77.3 1 0
github.com/dmytrogajewski/spin/internal/core/executor.go:78.2,78.20 1 0
github.com/dmytrogajewski/spin/internal/core/executor.go:78.20,80.3 1 0
github.com/dmytrogajewski/spin/internal/core/executor.go:81.2,81.20 1 0
github.com/dmytrogajewski/spin/internal/core/executor.go:81.20,83.3 1 0
github.com/dmytrogajewski/spin/internal/core/executor.go:84.2,84.35 1 0
github.com/dmytrogajewski/spin/internal/core/executor.go:115.46,126.2 1 0
github.com/dmytrogajewski/spin/internal/core/executor.go:171.49,172.33 1 0
github.com/dmytrogajewski/spin/internal/core/executor.go:172.33,173.15 1 0
github.com/dmytrogajewski/spin/internal/core/executor.go:173.15,175.4 1 0
github.com/dmytrogajewski/spin/internal/core/executor.go:176.3,177.13 2 0
github.com/dmytrogajewski/spin/internal/core/executor.go:182.50,183.33 1 0
github.com/dmytrogajewski/spin/internal/core/executor.go:183.33,184.13 1 0
github.com/dmytrogajewski/spin/internal/core/executor.go:184.13,186.4 1 0
github.com/dmytrogajewski/spin/internal/core/executor.go:187.3,188.13 2 0
github.com/dmytrogajewski/spin/internal/core/executor.go:193.51,194.33 1 0
github.com/dmytrogajewski/spin/internal/core/executor.go:194.33,195.16 1 0
github.com/dmytrogajewski/spin/internal/core/executor.go:195.16,197.4 1 0
github.com/dmytrogajewski/spin/internal/core/executor.go:198.3,199.13 2 0
github.com/dmytrogajewski/spin/internal/core/executor.go:204.60,205.33 1 0
github.com/dmytrogajewski/spin/internal/core/executor.go:205.33,206.17 1 0
github.com/dmytrogajewski/spin/internal/core/executor.go:206.17,208.4 1 0
github.com/dmytrogajewski/spin/internal/core/executor.go:209.3,210.13 2 0
github.com/dmytrogajewski/spin/internal/core/executor.go:215.77,216.19 1 0
github.com/dmytrogajewski/spin/internal/core/executor.go:216.19,218.3 1 0
github.com/dmytrogajewski/spin/internal/core/executor.go:220.2,227.27 2 0
github.com/dmytrogajewski/spin/internal/core/executor.go:227.27,228.32 1 0
github.com/dmytrogajewski/spin/internal/core/executor.go:228.32,230.4 1 0
github.com/dmytrogajewski/spin/internal/core/executor.go:233.2,233.15 1 0
github.com/dmytrogajewski/spin/internal/core/executor.go:245.49,246.16 1 0
github.com/dmytrogajewski/spin/internal/core/executor.go:246.16,248.3 1 0
github.com/dmytrogajewski/spin/internal/core/executor.go:250.2,250.23 1 0
github.com/dmytrogajewski/spin/internal/core/executor.go:250.23,252.3 1 0
github.com/dmytrogajewski/spin/internal/core/executor.go:255.2,259.22 4 0
github.com/dmytrogajewski/spin/internal/core/executor.go:259.22,261.17 2 0
github.com/dmytrogajewski/spin/internal/core/executor.go:261.17,263.4 1 0
github.com/dmytrogajewski/spin/internal/core/executor.go:265.3,265.48 1 0
github.com/dmytrogajewski/spin/internal/core/executor.go:265.48,267.4 1 0
github.com/dmytrogajewski/spin/internal/core/executor.go:270.2,270.12 1 0
github.com/dmytrogajewski/spin/internal/core/executor.go:294.102,296.17 1 0
github.com/dmytrogajewski/spin/internal/core/executor.go:296.17,298.3 1 0
github.com/dmytrogajewski/spin/internal/core/executor.go:301.2,307.24 2 0
github.com/dmytrogajewski/spin/internal/core/executor.go:307.24,308.41 1 0
github.com/dmytrogajewski/spin/internal/core/executor.go:308.41,313.4 4 0
github.com/dmytrogajewski/spin/internal/core/executor.go:314.8,314.23 1 0
github.com/dmytrogajewski/spin/internal/core/executor.go:314.23,320.3 5 0
github.com/dmytrogajewski/spin/internal/core/executor.go:320.8,320.30 1 0
github.com/dmytrogajewski/spin/internal/core/executor.go:320.30,326.3 5 0
github.com/dmytrogajewski/spin/internal/core/executor.go:329.2,337.19 5 0
github.com/dmytrogajewski/spin/internal/core/executor.go:337.19,339.3 1 0
github.com/dmytrogajewski/spin/internal/core/executor.go:340.2,351.40 6 0
github.com/dmytrogajewski/spin/internal/core/executor.go:351.40,357.3 5 0
github.com/dmytrogajewski/spin/internal/core/executor.go:360.2,368.18 5 0
github.com/dmytrogajewski/spin/internal/core/executor.go:368.18,372.3 3 0
github.com/dmytrogajewski/spin/internal/core/executor.go:375.2,382.16 2 0
github.com/dmytrogajewski/spin/internal/core/executor.go:382.16,383.48 1 0
github.com/dmytrogajewski/spin/internal/core/executor.go:383.48,387.4 3 0
github.com/dmytrogajewski/spin/internal/core/executor.go:388.3,388.40 1 0
github.com/dmytrogajewski/spin/internal/core/executor.go:388.40,392.4 3 0
github.com/dmytrogajewski/spin/internal/core/executor.go:395.3,395.47 1 0
github.com/dmytrogajewski/spin/internal/core/executor.go:395.47,397.4 1 0
github.com/dmytrogajewski/spin/internal/core/executor.go:397.9,399.4 1 0
github.com/dmytrogajewski/spin/internal/core/executor.go:400.3,401.30 2 0
github.com/dmytrogajewski/spin/internal/core/executor.go:404.2,405.20 2 0
github.com/dmytrogajewski/spin/internal/core/executor.go:431.122,433.17 1 0
github.com/dmytrogajewski/spin/internal/core/executor.go:433.17,435.3 1 0
github.com/dmytrogajewski/spin/internal/core/executor.go:438.2,438.24 1 0
github.com/dmytrogajewski/spin/internal/core/executor.go:438.24,439.41 1 0
github.com/dmytrogajewski/spin/internal/core/executor.go:439.41,441.4 1 0
github.com/dmytrogajewski/spin/internal/core/executor.go:442.8,442.23 1 0
github.com/dmytrogajewski/spin/internal/core/executor.go:442.23,444.3 1 0
github.com/dmytrogajewski/spin/internal/core/executor.go:444.8,444.30 1 0
github.com/dmytrogajewski/spin/internal/core/executor.go:444.30,446.3 1 0
github.com/dmytrogajewski/spin/internal/core/executor.go:449.2,459.19 5 0
github.com/dmytrogajewski/spin/internal/core/executor.go:459.19,461.3 1 0
github.com/dmytrogajewski/spin/internal/core/executor.go:462.2,469.16 4 0
github.com/dmytrogajewski/spin/internal/core/executor.go:469.16,472.3 2 0
github.com/dmytrogajewski/spin/internal/core/executor.go:474.2,475.16 2 0
github.com/dmytrogajewski/spin/internal/core/executor.go:475.16,478.3 2 0
github.com/dmytrogajewski/spin/internal/core/executor.go:481.2,481.40 1 0
github.com/dmytrogajewski/spin/internal/core/executor.go:481.40,484.3 2 0
github.com/dmytrogajewski/spin/internal/core/executor.go:487.2,491.12 3 0
github.com/dmytrogajewski/spin/internal/core/executor.go:491.12,494.3 2 0
github.com/dmytrogajewski/spin/internal/core/executor.go:497.2,498.12 2 0
github.com/dmytrogajewski/spin/internal/core/executor.go:498.12,501.3 2 0
github.com/dmytrogajewski/spin/internal/core/executor.go:504.2,504.12 1 0
github.com/dmytrogajewski/spin/internal/core/executor.go:504.12,515.17 5 0
github.com/dmytrogajewski/spin/internal/core/executor.go:515.17,516.49 1 0
github.com/dmytrogajewski/spin/internal/core/executor.go:516.49,522.5 1 0
github.com/dmytrogajewski/spin/internal/core/executor.go:522.10,522.48 1 0
github.com/dmytrogajewski/spin/internal/core/executor.go:522.48,528.5 1 0
github.com/dmytrogajewski/spin/internal/core/executor.go:528.10,534.5 1 0
github.com/dmytrogajewski/spin/internal/core/executor.go:535.9,542.4 1 0
github.com/dmytrogajewski/spin/internal/core/executor.go:545.2,545.20 1 0
github.com/dmytrogajewski/spin/internal/core/executor.go:549.114,551.18 2 0
github.com/dmytrogajewski/spin/internal/core/executor.go:551.18,555.3 3 0
github.com/dmytrogajewski/spin/internal/core/executor.go:557.2,557.42 1 0
github.com/dmytrogajewski/spin/internal/core/executor.go:561.68,565.21 2 0
github.com/dmytrogajewski/spin/internal/core/executor.go:565.21,566.35 1 0
github.com/dmytrogajewski/spin/internal/core/executor.go:566.35,568.49 2 0
github.com/dmytrogajewski/spin/internal/core/executor.go:568.49,570.5 1 0
github.com/dmytrogajewski/spin/internal/core/executor.go:575.2,576.26 2 0
github.com/dmytrogajewski/spin/internal/core/executor.go:576.26,578.3 1 0
github.com/dmytrogajewski/spin/internal/core/executor.go:579.2,582.29 2 0
github.com/dmytrogajewski/spin/internal/core/executor.go:582.29,584.3 1 0
github.com/dmytrogajewski/spin/internal/core/executor.go:587.2,588.24 2 0
github.com/dmytrogajewski/spin/internal/core/executor.go:588.24,590.3 1 0
github.com/dmytrogajewski/spin/internal/core/executor.go:592.2,592.15 1 0
github.com/dmytrogajewski/spin/internal/core/executor.go:596.35,603.36 3 0
github.com/dmytrogajewski/spin/internal/core/executor.go:603.36,604.39 1 0
github.com/dmytrogajewski/spin/internal/core/executor.go:604.39,606.4 1 0
github.com/dmytrogajewski/spin/internal/core/executor.go:608.2,608.14 1 0
github.com/dmytrogajewski/spin/internal/core/executor.go:612.98,617.16 3 0
github.com/dmytrogajewski/spin/internal/core/executor.go:617.16,619.3 1 0
github.com/dmytrogajewski/spin/internal/core/executor.go:620.2,620.40 1 0
github.com/dmytrogajewski/spin/internal/core/executor.go:620.40,623.3 2 0
github.com/dmytrogajewski/spin/internal/core/executor.go:626.2,627.16 2 0
github.com/dmytrogajewski/spin/internal/core/executor.go:627.16,629.3 1 0
github.com/dmytrogajewski/spin/internal/core/executor.go:630.2,630.40 1 0
github.com/dmytrogajewski/spin/internal/core/executor.go:630.40,633.3 2 0
github.com/dmytrogajewski/spin/internal/core/executor.go:635.2,635.60 1 0
github.com/dmytrogajewski/spin/internal/core/executor.go:639.88,641.6 2 0
github.com/dmytrogajewski/spin/internal/core/executor.go:641.6,643.12 2 0
github.com/dmytrogajewski/spin/internal/core/executor.go:643.12,654.4 3 0
github.com/dmytrogajewski/spin/internal/core/executor.go:655.3,655.17 1 0
github.com/dmytrogajewski/spin/internal/core/executor.go:655.17,656.21 1 0
github.com/dmytrogajewski/spin/internal/core/executor.go:656.21,663.5 1 0
github.com/dmytrogajewski/spin/internal/core/executor.go:664.4,664.9 1 0
github.com/dmytrogajewski/spin/internal/core/history.go:74.62,75.22 1 0
github.com/dmytrogajewski/spin/internal/core/history.go:75.22,77.3 1 0
github.com/dmytrogajewski/spin/internal/core/history.go:79.2,83.3 1 0
github.com/dmytrogajewski/spin/internal/core/history.go:91.40,93.2 1 0
github.com/dmytrogajewski/spin/internal/core/history.go:101.49,102.20 1 0
github.com/dmytrogajewski/spin/internal/core/history.go:102.20,104.3 1 0
github.com/dmytrogajewski/spin/internal/core/history.go:106.2,110.18 3 0
github.com/dmytrogajewski/spin/internal/core/history.go:110.18,112.3 1 0
github.com/dmytrogajewski/spin/internal/core/history.go:115.2,115.28 1 0
github.com/dmytrogajewski/spin/internal/core/history.go:115.28,117.3 1 0
github.com/dmytrogajewski/spin/internal/core/history.go:120.2,120.21 1 0
github.com/dmytrogajewski/spin/internal/core/history.go:120.21,124.3 2 0
github.com/dmytrogajewski/spin/internal/core/history.go:126.2,127.12 2 0
github.com/dmytrogajewski/spin/internal/core/history.go:133.58,138.2 1 0
github.com/dmytrogajewski/spin/internal/core/history.go:143.56,148.2 1 0
github.com/dmytrogajewski/spin/internal/core/history.go:153.61,158.2 1 0
github.com/dmytrogajewski/spin/internal/core/history.go:165.68,171.2 1 0
github.com/dmytrogajewski/spin/internal/core/history.go:177.40,185.2 5 0
github.com/dmytrogajewski/spin/internal/core/history.go:191.46,193.2 1 0
github.com/dmytrogajewski/spin/internal/core/history.go:198.59,202.28 3 0
github.com/dmytrogajewski/spin/internal/core/history.go:202.28,203.29 1 0
github.com/dmytrogajewski/spin/internal/core/history.go:203.29,207.4 2 0
github.com/dmytrogajewski/spin/internal/core/history.go:210.2,210.61 1 0
github.com/dmytrogajewski/spin/internal/core/history.go:216.51,220.26 3 0
github.com/dmytrogajewski/spin/internal/core/history.go:220.26,222.3 1 0
github.com/dmytrogajewski/spin/internal/core/history.go:225.2,226.18 2 0
github.com/dmytrogajewski/spin/internal/core/history.go:232.64,237.33 4 0
github.com/dmytrogajewski/spin/internal/core/history.go:237.33,238.37 1 0
github.com/dmytrogajewski/spin/internal/core/history.go:238.37,240.4 1 0
github.com/dmytrogajewski/spin/internal/core/history.go:243.2,243.15 1 0
github.com/dmytrogajewski/spin/internal/core/history.go:247.31,252.2 3 0
github.com/dmytrogajewski/spin/internal/core/history.go:257.36,262.2 3 0
github.com/dmytrogajewski/spin/internal/core/history.go:266.42,268.33 2 0
github.com/dmytrogajewski/spin/internal/core/history.go:268.33,270.3 1 0
github.com/dmytrogajewski/spin/internal/core/history.go:271.2,271.14 1 0
github.com/dmytrogajewski/spin/internal/core/history.go:275.34,280.2 3 0
github.com/dmytrogajewski/spin/internal/core/history.go:290.46,294.36 3 0
github.com/dmytrogajewski/spin/internal/core/history.go:294.36,296.3 1 0
github.com/dmytrogajewski/spin/internal/core/history.go:299.2,302.61 3 0
github.com/dmytrogajewski/spin/internal/core/history.go:302.61,305.3 2 0
github.com/dmytrogajewski/spin/internal/core/history.go:305.8,307.3 1 0
github.com/dmytrogajewski/spin/internal/core/history.go:310.2,311.22 2 0
github.com/dmytrogajewski/spin/internal/core/history.go:311.22,313.3 1 0
github.com/dmytrogajewski/spin/internal/core/history.go:316.2,317.22 2 0
github.com/dmytrogajewski/spin/internal/core/history.go:317.22,319.3 1 0
github.com/dmytrogajewski/spin/internal/core/history.go:321.2,324.42 2 0
github.com/dmytrogajewski/spin/internal/core/history.go:324.42,326.32 2 0
github.com/dmytrogajewski/spin/internal/core/history.go:326.32,327.9 1 0
github.com/dmytrogajewski/spin/internal/core/history.go:330.3,331.22 2 0
github.com/dmytrogajewski/spin/internal/core/history.go:334.2,335.12 2 0
github.com/dmytrogajewski/spin/internal/core/history.go:339.41,341.2 1 0
github.com/dmytrogajewski/spin/internal/core/history.go:346.55,351.31 4 0
github.com/dmytrogajewski/spin/internal/core/history.go:351.31,353.3 1 0
github.com/dmytrogajewski/spin/internal/core/history.go:355.2,356.20 2 0
github.com/dmytrogajewski/spin/internal/core/history.go:356.20,358.3 1 0
github.com/dmytrogajewski/spin/internal/core/history.go:360.2,360.46 1 0
github.com/dmytrogajewski/spin/internal/core/history.go:366.33,371.61 3 0
github.com/dmytrogajewski/spin/internal/core/history.go:371.61,373.3 1 0
github.com/dmytrogajewski/spin/internal/core/history.go:373.8,375.3 1 0
github.com/dmytrogajewski/spin/internal/core/history.go:377.2,377.12 1 0
github.com/dmytrogajewski/spin/internal/core/history.go:383.36,389.2 4 0
github.com/dmytrogajewski/spin/internal/core/history.go:394.53,395.37 1 0
github.com/dmytrogajewski/spin/internal/core/history.go:395.37,397.3 1 0
github.com/dmytrogajewski/spin/internal/core/history.go:399.2,399.42 1 0
github.com/dmytrogajewski/spin/internal/core/history.go:405.36,418.2 5 0
github.com/dmytrogajewski/spin/internal/core/history.go:423.45,425.16 2 0
github.com/dmytrogajewski/spin/internal/core/history.go:425.16,427.3 1 0
github.com/dmytrogajewski/spin/internal/core/history.go:429.2,430.16 2 0
github.com/dmytrogajewski/spin/internal/core/history.go:430.16,432.3 1 0
github.com/dmytrogajewski/spin/internal/core/history.go:434.2,434.12 1 0
github.com/dmytrogajewski/spin/internal/core/history.go:440.48,453.16 5 0
github.com/dmytrogajewski/spin/internal/core/history.go:453.16,455.3 1 0
github.com/dmytrogajewski/spin/internal/core/history.go:457.2,457.18 1 0
github.com/dmytrogajewski/spin/internal/core/history.go:463.65,465.16 2 0
github.com/dmytrogajewski/spin/internal/core/history.go:465.16,467.3 1 0
github.com/dmytrogajewski/spin/internal/core/history.go:469.2,469.36 1 0
github.com/dmytrogajewski/spin/internal/core/history.go:475.69,476.22 1 0
github.com/dmytrogajewski/spin/internal/core/history.go:476.22,478.3 1 0
github.com/dmytrogajewski/spin/internal/core/history.go:480.2,482.16 3 0
github.com/dmytrogajewski/spin/internal/core/history.go:482.16,484.3 1 0
github.com/dmytrogajewski/spin/internal/core/history.go:486.2,489.38 2 0
github.com/dmytrogajewski/spin/internal/core/history.go:489.38,494.3 3 0
github.com/dmytrogajewski/spin/internal/core/history.go:496.2,496.21 1 0
github.com/dmytrogajewski/spin/internal/core/plan.go:33.37,34.11 1 0
github.com/dmytrogajewski/spin/internal/core/plan.go:35.25,36.19 1 0
github.com/dmytrogajewski/spin/internal/core/plan.go:37.23,38.17 1 0
github.com/dmytrogajewski/spin/internal/core/plan.go:39.25,40.19 1 0
github.com/dmytrogajewski/spin/internal/core/plan.go:41.27,42.21 1 0
github.com/dmytrogajewski/spin/internal/core/plan.go:43.24,44.18 1 0
github.com/dmytrogajewski/spin/internal/core/plan.go:45.25,46.19 1 0
github.com/dmytrogajewski/spin/internal/core/plan.go:47.10,48.19 1 0
github.com/dmytrogajewski/spin/internal/core/plan.go:64.37,65.11 1 0
github.com/dmytrogajewski/spin/internal/core/plan.go:66.25,67.19 1 0
github.com/dmytrogajewski/spin/internal/core/plan.go:68.28,69.23 1 0
github.com/dmytrogajewski/spin/internal/core/plan.go:70.27,71.21 1 0
github.com/dmytrogajewski/spin/internal/core/plan.go:72.24,73.18 1 0
github.com/dmytrogajewski/spin/internal/core/plan.go:74.27,75.21 1 0
github.com/dmytrogajewski/spin/internal/core/plan.go:76.10,77.19 1 0
github.com/dmytrogajewski/spin/internal/core/plan.go:114.33,124.2 1 0
github.com/dmytrogajewski/spin/internal/core/plan.go:127.50,128.25 1 0
github.com/dmytrogajewski/spin/internal/core/plan.go:128.25,129.26 1 0
github.com/dmytrogajewski/spin/internal/core/plan.go:129.26,131.4 1 0
github.com/dmytrogajewski/spin/internal/core/plan.go:133.2,133.55 1 0
github.com/dmytrogajewski/spin/internal/core/plan.go:137.69,138.25 1 0
github.com/dmytrogajewski/spin/internal/core/plan.go:138.25,139.26 1 0
github.com/dmytrogajewski/spin/internal/core/plan.go:139.26,143.66 3 0
github.com/dmytrogajewski/spin/internal/core/plan.go:143.66,145.5 1 0
github.com/dmytrogajewski/spin/internal/core/plan.go:146.4,146.133 1 0
github.com/dmytrogajewski/spin/internal/core/plan.go:146.133,148.5 1 0
github.com/dmytrogajewski/spin/internal/core/plan.go:150.4,150.14 1 0
github.com/dmytrogajewski/spin/internal/core/plan.go:153.2,153.50 1 0
github.com/dmytrogajewski/spin/internal/core/plan.go:158.39,161.31 2 0
github.com/dmytrogajewski/spin/internal/core/plan.go:161.31,163.39 1 0
github.com/dmytrogajewski/spin/internal/core/plan.go:163.39,164.12 1 0
github.com/dmytrogajewski/spin/internal/core/plan.go:168.3,169.40 2 0
github.com/dmytrogajewski/spin/internal/core/plan.go:169.40,171.55 2 0
github.com/dmytrogajewski/spin/internal/core/plan.go:171.55,173.10 2 0
github.com/dmytrogajewski/spin/internal/core/plan.go:177.3,177.22 1 0
github.com/dmytrogajewski/spin/internal/core/plan.go:177.22,179.4 1 0
github.com/dmytrogajewski/spin/internal/core/plan.go:182.2,182.14 1 0
github.com/dmytrogajewski/spin/internal/core/plan.go:186.35,187.23 1 0
github.com/dmytrogajewski/spin/internal/core/plan.go:187.23,189.3 1 0
github.com/dmytrogajewski/spin/internal/core/plan.go:191.2,192.31 2 0
github.com/dmytrogajewski/spin/internal/core/plan.go:192.31,193.76 1 0
github.com/dmytrogajewski/spin/internal/core/plan.go:193.76,195.4 1 0
github.com/dmytrogajewski/spin/internal/core/plan.go:198.2,198.59 1 0
github.com/dmytrogajewski/spin/internal/core/plan.go:202.34,203.23 1 0
github.com/dmytrogajewski/spin/internal/core/plan.go:203.23,205.3 1 0
github.com/dmytrogajewski/spin/internal/core/plan.go:207.2,207.31 1 0
github.com/dmytrogajewski/spin/internal/core/plan.go:207.31,208.41 1 0
github.com/dmytrogajewski/spin/internal/core/plan.go:208.41,210.4 1 0
github.com/dmytrogajewski/spin/internal/core/plan.go:213.2,213.13 1 0
github.com/dmytrogajewski/spin/internal/core/plan.go:217.33,221.31 3 0
github.com/dmytrogajewski/spin/internal/core/plan.go:221.31,222.49 1 0
github.com/dmytrogajewski/spin/internal/core/plan.go:222.49,224.4 1 0
github.com/dmytrogajewski/spin/internal/core/plan.go:227.2,227.14 1 0
github.com/dmytrogajewski/spin/internal/core/plan.go:231.84,238.16 4 0
github.com/dmytrogajewski/spin/internal/core/plan.go:238.16,240.3 1 0
github.com/dmytrogajewski/spin/internal/core/plan.go:243.2,243.39 1 0
github.com/dmytrogajewski/spin/internal/core/plan.go:243.39,245.22 1 0
github.com/dmytrogajewski/spin/internal/core/plan.go:245.22,246.48 1 0
github.com/dmytrogajewski/spin/internal/core/plan.go:246.48,248.5 1 0
github.com/dmytrogajewski/spin/internal/core/plan.go:249.9,249.29 1 0
github.com/dmytrogajewski/spin/internal/core/plan.go:249.29,252.4 1 0
github.com/dmytrogajewski/spin/internal/core/plan.go:256.2,257.14 2 0
github.com/dmytrogajewski/spin/internal/core/plan.go:261.50,262.19 1 0
github.com/dmytrogajewski/spin/internal/core/plan.go:262.19,264.3 1 0
github.com/dmytrogajewski/spin/internal/core/plan.go:266.2,266.23 1 0
github.com/dmytrogajewski/spin/internal/core/plan.go:266.23,268.3 1 0
github.com/dmytrogajewski/spin/internal/core/plan.go:271.2,272.31 2 0
github.com/dmytrogajewski/spin/internal/core/plan.go:272.31,274.3 1 0
github.com/dmytrogajewski/spin/internal/core/plan.go:277.2,278.31 2 0
github.com/dmytrogajewski/spin/internal/core/plan.go:278.31,279.29 1 0
github.com/dmytrogajewski/spin/internal/core/plan.go:279.29,281.4 1 0
github.com/dmytrogajewski/spin/internal/core/plan.go:285.2,286.21 2 0
github.com/dmytrogajewski/spin/internal/core/plan.go:286.21,296.29 5 0
github.com/dmytrogajewski/spin/internal/core/plan.go:296.29,297.38 1 0
github.com/dmytrogajewski/spin/internal/core/plan.go:297.38,298.24 1 0
github.com/dmytrogajewski/spin/internal/core/plan.go:298.24,300.29 2 0
github.com/dmytrogajewski/spin/internal/core/plan.go:300.29,302.7 1 0
github.com/dmytrogajewski/spin/internal/core/plan.go:308.2,308.20 1 0
github.com/dmytrogajewski/spin/internal/core/plan.go:314.59,315.23 1 0
github.com/dmytrogajewski/spin/internal/core/plan.go:315.23,317.3 1 0
github.com/dmytrogajewski/spin/internal/core/plan.go:320.2,321.31 2 0
github.com/dmytrogajewski/spin/internal/core/plan.go:321.31,323.3 1 0
github.com/dmytrogajewski/spin/internal/core/plan.go:326.2,330.16 3 0
github.com/dmytrogajewski/spin/internal/core/plan.go:330.16,333.32 2 0
github.com/dmytrogajewski/spin/internal/core/plan.go:333.32,335.4 1 0
github.com/dmytrogajewski/spin/internal/core/plan.go:336.3,336.15 1 0
github.com/dmytrogajewski/spin/internal/core/plan.go:340.2,340.30 1 0
github.com/dmytrogajewski/spin/internal/core/plan.go:340.30,345.40 2 0
github.com/dmytrogajewski/spin/internal/core/plan.go:345.40,346.40 1 0
github.com/dmytrogajewski/spin/internal/core/plan.go:346.40,348.5 1 0
github.com/dmytrogajewski/spin/internal/core/plan.go:351.3,351.58 1 0
github.com/dmytrogajewski/spin/internal/core/plan.go:355.2,356.39 2 0
github.com/dmytrogajewski/spin/internal/core/plan.go:356.39,357.26 1 0
github.com/dmytrogajewski/spin/internal/core/plan.go:357.26,359.4 1 0
github.com/dmytrogajewski/spin/internal/core/plan.go:362.2,362.17 1 0
github.com/dmytrogajewski/spin/internal/core/plan.go:366.42,368.18 1 0
github.com/dmytrogajewski/spin/internal/core/plan.go:368.18,370.3 1 0
github.com/dmytrogajewski/spin/internal/core/plan.go:373.2,373.23 1 0
github.com/dmytrogajewski/spin/internal/core/plan.go:373.23,375.3 1 0
github.com/dmytrogajewski/spin/internal/core/plan.go:378.2,379.31 2 0
github.com/dmytrogajewski/spin/internal/core/plan.go:379.31,380.20 1 0
github.com/dmytrogajewski/spin/internal/core/plan.go:380.20,382.4 1 0
github.com/dmytrogajewski/spin/internal/core/plan.go:383.3,383.23 1 0
github.com/dmytrogajewski/spin/internal/core/plan.go:387.2,387.31 1 0
github.com/dmytrogajewski/spin/internal/core/plan.go:387.31,389.20 1 0
github.com/dmytrogajewski/spin/internal/core/plan.go:389.20,391.4 1 0
github.com/dmytrogajewski/spin/internal/core/plan.go:394.3,394.29 1 0
github.com/dmytrogajewski/spin/internal/core/plan.go:394.29,396.4 1 0
github.com/dmytrogajewski/spin/internal/core/plan.go:399.3,399.40 1 0
github.com/dmytrogajewski/spin/internal/core/plan.go:399.40,400.46 1 0
github.com/dmytrogajewski/spin/internal/core/plan.go:400.46,402.5 1 0
github.com/dmytrogajewski/spin/internal/core/plan.go:407.2,407.19 1 0
github.com/dmytrogajewski/spin/internal/core/plan.go:407.19,409.3 1 0
github.com/dmytrogajewski/spin/internal/core/plan.go:411.2,411.12 1 0
github.com/dmytrogajewski/spin/internal/core/planner.go:152.77,163.2 2 0
github.com/dmytrogajewski/spin/internal/core/planner.go:166.43,173.2 1 0
github.com/dmytrogajewski/spin/internal/core/planner.go:176.73,178.16 1 0
github.com/dmytrogajewski/spin/internal/core/planner.go:178.16,180.3 1 0
github.com/dmytrogajewski/spin/internal/core/planner.go:183.2,187.9 3 0
github.com/dmytrogajewski/spin/internal/core/planner.go:188.20,189.24 1 0
github.com/dmytrogajewski/spin/internal/core/planner.go:190.10,190.10 0 0
github.com/dmytrogajewski/spin/internal/core/planner.go:194.2,195.16 2 0
github.com/dmytrogajewski/spin/internal/core/planner.go:195.16,197.3 1 0
github.com/dmytrogajewski/spin/internal/core/planner.go:200.2,212.16 3 0
github.com/dmytrogajewski/spin/internal/core/planner.go:212.16,214.3 1 0
github.com/dmytrogajewski/spin/internal/core/planner.go:217.2,218.16 2 0
github.com/dmytrogajewski/spin/internal/core/planner.go:218.16,220.3 1 0
github.com/dmytrogajewski/spin/internal/core/planner.go:223.2,223.45 1 0
github.com/dmytrogajewski/spin/internal/core/planner.go:223.45,225.3 1 0
github.com/dmytrogajewski/spin/internal/core/planner.go:227.2,227.18 1 0
github.com/dmytrogajewski/spin/internal/core/planner.go:231.60,239.67 3 0
github.com/dmytrogajewski/spin/internal/core/planner.go:239.67,241.3 1 0
github.com/dmytrogajewski/spin/internal/core/planner.go:243.2,243.26 1 0
github.com/dmytrogajewski/spin/internal/core/planner.go:261.81,271.67 7 0
github.com/dmytrogajewski/spin/internal/core/planner.go:271.67,273.3 1 0
github.com/dmytrogajewski/spin/internal/core/planner.go:276.2,276.29 1 0
github.com/dmytrogajewski/spin/internal/core/planner.go:276.29,278.3 1 0
github.com/dmytrogajewski/spin/internal/core/planner.go:281.2,284.40 2 0
github.com/dmytrogajewski/spin/internal/core/planner.go:284.40,286.23 1 0
github.com/dmytrogajewski/spin/internal/core/planner.go:286.23,288.4 1 0
github.com/dmytrogajewski/spin/internal/core/planner.go:289.3,289.32 1 0
github.com/dmytrogajewski/spin/internal/core/planner.go:289.32,291.4 1 0
github.com/dmytrogajewski/spin/internal/core/planner.go:293.3,305.40 2 0
github.com/dmytrogajewski/spin/internal/core/planner.go:309.2,311.18 2 0
github.com/dmytrogajewski/spin/internal/core/planner.go:315.50,317.41 1 0
github.com/dmytrogajewski/spin/internal/core/planner.go:317.41,319.3 1 0
github.com/dmytrogajewski/spin/internal/core/planner.go:322.2,322.33 1 0
github.com/dmytrogajewski/spin/internal/core/tokenizer.go:30.50,31.16 1 0
github.com/dmytrogajewski/spin/internal/core/tokenizer.go:31.16,33.3 1 0
github.com/dmytrogajewski/spin/internal/core/tokenizer.go:36.2,43.31 4 0
github.com/dmytrogajewski/spin/internal/core/tokenizer.go:43.31,45.3 1 0
github.com/dmytrogajewski/spin/internal/core/tokenizer.go:47.2,47.15 1 0
github.com/dmytrogajewski/spin/internal/core/tokenizer.go:54.65,57.31 2 0
github.com/dmytrogajewski/spin/internal/core/tokenizer.go:57.31,66.29 4 0
github.com/dmytrogajewski/spin/internal/core/tokenizer.go:66.29,67.37 1 0
github.com/dmytrogajewski/spin/internal/core/tokenizer.go:67.37,71.5 3 0
github.com/dmytrogajewski/spin/internal/core/tokenizer.go:75.2,75.14 1 0
github.com/dmytrogajewski/spin/internal/core/validator.go:37.39,38.11 1 0
github.com/dmytrogajewski/spin/internal/core/validator.go:39.19,40.16 1 0
github.com/dmytrogajewski/spin/internal/core/validator.go:41.26,42.23 1 0
github.com/dmytrogajewski/spin/internal/core/validator.go:43.24,44.21 1 0
github.com/dmytrogajewski/spin/internal/core/validator.go:45.24,46.21 1 0
github.com/dmytrogajewski/spin/internal/core/validator.go:47.25,48.22 1 0
github.com/dmytrogajewski/spin/internal/core/validator.go:49.10,50.19 1 0
github.com/dmytrogajewski/spin/internal/core/validator.go:59.44,61.2 1 0
github.com/dmytrogajewski/spin/internal/core/validator.go:153.52,155.18 2 0
github.com/dmytrogajewski/spin/internal/core/validator.go:155.18,157.3 1 0
github.com/dmytrogajewski/spin/internal/core/validator.go:160.2,161.21 2 0
github.com/dmytrogajewski/spin/internal/core/validator.go:161.21,163.3 1 0
github.com/dmytrogajewski/spin/internal/core/validator.go:165.2,172.20 2 0
github.com/dmytrogajewski/spin/internal/core/validator.go:172.20,174.3 1 0
github.com/dmytrogajewski/spin/internal/core/validator.go:176.2,176.17 1 0
github.com/dmytrogajewski/spin/internal/core/validator.go:180.32,194.2 6 0
github.com/dmytrogajewski/spin/internal/core/validator.go:197.51,259.2 1 0
github.com/dmytrogajewski/spin/internal/core/validator.go:262.51,405.2 14 0
github.com/dmytrogajewski/spin/internal/core/validator.go:408.53,511.2 11 0
github.com/dmytrogajewski/spin/internal/core/validator.go:514.46,645.2 16 0
github.com/dmytrogajewski/spin/internal/core/validator.go:655.71,656.16 1 0
github.com/dmytrogajewski/spin/internal/core/validator.go:656.16,658.3 1 0
github.com/dmytrogajewski/spin/internal/core/validator.go:661.2,661.67 1 0
github.com/dmytrogajewski/spin/internal/core/validator.go:661.67,663.3 1 0
github.com/dmytrogajewski/spin/internal/core/validator.go:666.2,666.93 1 0
github.com/dmytrogajewski/spin/internal/core/validator.go:666.93,668.3 1 0
github.com/dmytrogajewski/spin/internal/core/validator.go:671.2,671.92 1 0
github.com/dmytrogajewski/spin/internal/core/validator.go:671.92,673.3 1 0
github.com/dmytrogajewski/spin/internal/core/validator.go:676.2,676.96 1 0
github.com/dmytrogajewski/spin/internal/core/validator.go:676.96,678.3 1 0
github.com/dmytrogajewski/spin/internal/core/validator.go:681.2,681.82 1 0
github.com/dmytrogajewski/spin/internal/core/validator.go:681.82,683.3 1 0
github.com/dmytrogajewski/spin/internal/core/validator.go:686.2,691.8 1 0
github.com/dmytrogajewski/spin/internal/core/validator.go:695.83,697.88 1 0
github.com/dmytrogajewski/spin/internal/core/validator.go:697.88,704.3 1 0
github.com/dmytrogajewski/spin/internal/core/validator.go:707.2,707.75 1 0
github.com/dmytrogajewski/spin/internal/core/validator.go:707.75,714.3 1 0
github.com/dmytrogajewski/spin/internal/core/validator.go:717.2,717.44 1 0
github.com/dmytrogajewski/spin/internal/core/validator.go:717.44,724.3 1 0
github.com/dmytrogajewski/spin/internal/core/validator.go:726.2,726.12 1 0
github.com/dmytrogajewski/spin/internal/core/validator.go:730.119,731.35 1 0
github.com/dmytrogajewski/spin/internal/core/validator.go:731.35,732.37 1 0
github.com/dmytrogajewski/spin/internal/core/validator.go:732.37,739.4 1 0
github.com/dmytrogajewski/spin/internal/core/validator.go:741.2,741.12 1 0
github.com/dmytrogajewski/spin/internal/core/validator.go:745.131,747.9 2 0
github.com/dmytrogajewski/spin/internal/core/validator.go:747.9,749.3 1 0
github.com/dmytrogajewski/spin/internal/core/validator.go:751.2,751.35 1 0
github.com/dmytrogajewski/spin/internal/core/validator.go:751.35,752.37 1 0
github.com/dmytrogajewski/spin/internal/core/validator.go:752.37,759.4 1 0
github.com/dmytrogajewski/spin/internal/core/validator.go:761.2,761.12 1 0
github.com/dmytrogajewski/spin/internal/core/validator.go:765.72,767.36 1 0
github.com/dmytrogajewski/spin/internal/core/validator.go:767.36,769.3 1 0
github.com/dmytrogajewski/spin/internal/core/validator.go:772.2,775.40 2 0
github.com/dmytrogajewski/spin/internal/core/validator.go:775.40,776.62 1 0
github.com/dmytrogajewski/spin/internal/core/validator.go:776.62,777.51 1 0
github.com/dmytrogajewski/spin/internal/core/validator.go:777.51,779.5 1 0
github.com/dmytrogajewski/spin/internal/core/validator.go:782.3,782.15 1 0
github.com/dmytrogajewski/spin/internal/core/validator.go:786.2,786.49 1 0
github.com/dmytrogajewski/spin/internal/core/validator.go:786.49,787.45 1 0
github.com/dmytrogajewski/spin/internal/core/validator.go:787.45,789.4 1 0
github.com/dmytrogajewski/spin/internal/core/validator.go:793.2,793.35 1 0
github.com/dmytrogajewski/spin/internal/core/validator.go:793.35,795.3 1 0
github.com/dmytrogajewski/spin/internal/core/validator.go:798.2,798.13 1 0
github.com/dmytrogajewski/spin/internal/core/validator.go:802.47,804.16 2 0
github.com/dmytrogajewski/spin/internal/core/validator.go:804.16,806.3 1 0
github.com/dmytrogajewski/spin/internal/core/validator.go:807.2,807.45 1 0
github.com/dmytrogajewski/spin/internal/core/validator.go:811.54,813.16 2 0
github.com/dmytrogajewski/spin/internal/core/validator.go:813.16,815.3 1 0
github.com/dmytrogajewski/spin/internal/core/validator.go:816.2,816.52 1 0
github.com/dmytrogajewski/spin/internal/core/validator.go:820.52,822.16 2 0
github.com/dmytrogajewski/spin/internal/core/validator.go:822.16,824.3 1 0
github.com/dmytrogajewski/spin/internal/core/validator.go:825.2,825.50 1 0
github.com/dmytrogajewski/spin/internal/core/validator.go:829.52,831.16 2 0
github.com/dmytrogajewski/spin/internal/core/validator.go:831.16,833.3 1 0
github.com/dmytrogajewski/spin/internal/core/validator.go:834.2,834.50 1 0
github.com/dmytrogajewski/spin/internal/core/validator.go:842.54,844.16 2 0
github.com/dmytrogajewski/spin/internal/core/validator.go:844.16,846.3 1 0
github.com/dmytrogajewski/spin/internal/core/validator.go:849.2,849.47 1 0
github.com/dmytrogajewski/spin/internal/core/validator.go:849.47,851.3 1 0
github.com/dmytrogajewski/spin/internal/core/validator.go:853.2,853.46 1 0
