mode: atomic
github.com/dmytrogajewski/spin/internal/core/stream/buffer.go:31.38,32.19 1 36
github.com/dmytrogajewski/spin/internal/core/stream/buffer.go:32.19,34.3 1 2
github.com/dmytrogajewski/spin/internal/core/stream/buffer.go:35.2,35.34 1 36
github.com/dmytrogajewski/spin/internal/core/stream/buffer.go:35.34,37.3 1 1
github.com/dmytrogajewski/spin/internal/core/stream/buffer.go:39.2,46.3 1 36
github.com/dmytrogajewski/spin/internal/core/stream/buffer.go:52.50,53.20 1 25
github.com/dmytrogajewski/spin/internal/core/stream/buffer.go:53.20,55.3 1 1
github.com/dmytrogajewski/spin/internal/core/stream/buffer.go:57.2,60.12 3 24
github.com/dmytrogajewski/spin/internal/core/stream/buffer.go:60.12,62.3 1 0
github.com/dmytrogajewski/spin/internal/core/stream/buffer.go:65.2,67.25 3 24
github.com/dmytrogajewski/spin/internal/core/stream/buffer.go:67.25,69.3 1 1
github.com/dmytrogajewski/spin/internal/core/stream/buffer.go:72.2,73.24 2 24
github.com/dmytrogajewski/spin/internal/core/stream/buffer.go:73.24,77.25 3 25
github.com/dmytrogajewski/spin/internal/core/stream/buffer.go:77.25,79.4 1 1
github.com/dmytrogajewski/spin/internal/core/stream/buffer.go:81.3,84.18 4 25
github.com/dmytrogajewski/spin/internal/core/stream/buffer.go:88.2,88.26 1 24
github.com/dmytrogajewski/spin/internal/core/stream/buffer.go:88.26,90.3 1 3
github.com/dmytrogajewski/spin/internal/core/stream/buffer.go:93.2,93.25 1 24
github.com/dmytrogajewski/spin/internal/core/stream/buffer.go:93.25,95.3 1 1
github.com/dmytrogajewski/spin/internal/core/stream/buffer.go:97.2,97.21 1 23
github.com/dmytrogajewski/spin/internal/core/stream/buffer.go:102.46,103.17 1 20
github.com/dmytrogajewski/spin/internal/core/stream/buffer.go:103.17,105.3 1 1
github.com/dmytrogajewski/spin/internal/core/stream/buffer.go:107.2,110.28 3 19
github.com/dmytrogajewski/spin/internal/core/stream/buffer.go:110.28,112.3 1 4
github.com/dmytrogajewski/spin/internal/core/stream/buffer.go:115.2,116.21 2 15
github.com/dmytrogajewski/spin/internal/core/stream/buffer.go:116.21,118.3 1 4
github.com/dmytrogajewski/spin/internal/core/stream/buffer.go:121.2,122.20 2 15
github.com/dmytrogajewski/spin/internal/core/stream/buffer.go:122.20,126.24 3 16
github.com/dmytrogajewski/spin/internal/core/stream/buffer.go:126.24,128.4 1 1
github.com/dmytrogajewski/spin/internal/core/stream/buffer.go:130.3,133.18 4 16
github.com/dmytrogajewski/spin/internal/core/stream/buffer.go:137.2,139.18 2 15
github.com/dmytrogajewski/spin/internal/core/stream/buffer.go:143.34,147.2 3 8
github.com/dmytrogajewski/spin/internal/core/stream/buffer.go:150.33,152.2 1 9
github.com/dmytrogajewski/spin/internal/core/stream/buffer.go:155.26,163.2 6 1
github.com/dmytrogajewski/spin/internal/core/stream/buffer.go:166.32,170.2 3 8
github.com/dmytrogajewski/spin/internal/core/stream/buffer.go:173.33,177.2 3 13
github.com/dmytrogajewski/spin/internal/core/stream/stream.go:80.41,86.36 1 16
github.com/dmytrogajewski/spin/internal/core/stream/stream.go:86.37,86.38 0 1
github.com/dmytrogajewski/spin/internal/core/stream/stream.go:92.56,109.2 3 15
github.com/dmytrogajewski/spin/internal/core/stream/stream.go:113.69,115.34 2 248
github.com/dmytrogajewski/spin/internal/core/stream/stream.go:115.34,118.3 2 2
github.com/dmytrogajewski/spin/internal/core/stream/stream.go:119.2,126.41 4 246
github.com/dmytrogajewski/spin/internal/core/stream/stream.go:130.47,132.2 1 124
github.com/dmytrogajewski/spin/internal/core/stream/stream.go:135.40,137.2 1 1
github.com/dmytrogajewski/spin/internal/core/stream/stream.go:141.32,143.34 2 18
github.com/dmytrogajewski/spin/internal/core/stream/stream.go:143.34,146.3 2 3
github.com/dmytrogajewski/spin/internal/core/stream/stream.go:148.2,158.12 6 15
github.com/dmytrogajewski/spin/internal/core/stream/stream.go:162.38,166.2 3 5
github.com/dmytrogajewski/spin/internal/core/stream/stream.go:169.32,173.2 3 6
github.com/dmytrogajewski/spin/internal/core/stream/stream.go:177.83,180.18 2 246
github.com/dmytrogajewski/spin/internal/core/stream/stream.go:181.25,182.36 1 224
github.com/dmytrogajewski/spin/internal/core/stream/stream.go:184.24,185.31 1 20
github.com/dmytrogajewski/spin/internal/core/stream/stream.go:187.25,188.32 1 2
github.com/dmytrogajewski/spin/internal/core/stream/stream.go:190.10,191.28 1 0
github.com/dmytrogajewski/spin/internal/core/stream/stream.go:196.77,198.9 1 224
github.com/dmytrogajewski/spin/internal/core/stream/stream.go:199.20,202.13 3 1
github.com/dmytrogajewski/spin/internal/core/stream/stream.go:203.22,206.13 3 0
github.com/dmytrogajewski/spin/internal/core/stream/stream.go:207.10,207.10 0 223
github.com/dmytrogajewski/spin/internal/core/stream/stream.go:211.2,211.9 1 223
github.com/dmytrogajewski/spin/internal/core/stream/stream.go:212.25,213.13 1 223
github.com/dmytrogajewski/spin/internal/core/stream/stream.go:214.20,217.13 3 0
github.com/dmytrogajewski/spin/internal/core/stream/stream.go:218.22,221.13 3 0
github.com/dmytrogajewski/spin/internal/core/stream/stream.go:226.56,227.9 1 20
github.com/dmytrogajewski/spin/internal/core/stream/stream.go:228.25,229.13 1 2
github.com/dmytrogajewski/spin/internal/core/stream/stream.go:230.10,232.10 1 18
github.com/dmytrogajewski/spin/internal/core/stream/stream.go:233.19,233.19 0 18
github.com/dmytrogajewski/spin/internal/core/stream/stream.go:235.11,235.11 0 0
github.com/dmytrogajewski/spin/internal/core/stream/stream.go:238.3,238.10 1 18
github.com/dmytrogajewski/spin/internal/core/stream/stream.go:239.26,240.14 1 18
github.com/dmytrogajewski/spin/internal/core/stream/stream.go:241.11,242.26 1 0
github.com/dmytrogajewski/spin/internal/core/stream/stream.go:248.57,249.9 1 2
github.com/dmytrogajewski/spin/internal/core/stream/stream.go:250.25,251.13 1 1
github.com/dmytrogajewski/spin/internal/core/stream/stream.go:252.10,253.25 1 1
github.com/dmytrogajewski/spin/internal/core/stream/stream.go:258.44,259.16 1 1
github.com/dmytrogajewski/spin/internal/core/stream/stream.go:259.16,261.3 1 0
github.com/dmytrogajewski/spin/internal/core/stream/stream.go:264.2,264.34 1 1
github.com/dmytrogajewski/spin/internal/core/stream/stream.go:264.34,266.3 1 1
github.com/dmytrogajewski/spin/internal/core/stream/stream.go:269.2,269.9 1 1
github.com/dmytrogajewski/spin/internal/core/stream/stream.go:270.23,270.23 0 1
github.com/dmytrogajewski/spin/internal/core/stream/stream.go:271.10,271.10 0 0
github.com/dmytrogajewski/spin/internal/core/stream/stream.go:283.43,285.2 1 1
github.com/dmytrogajewski/spin/internal/core/stream/stream.go:288.43,290.2 1 1
github.com/dmytrogajewski/spin/internal/core/stream/stream.go:293.36,294.16 1 3
github.com/dmytrogajewski/spin/internal/core/stream/stream.go:294.16,296.3 1 0
github.com/dmytrogajewski/spin/internal/core/stream/stream.go:298.2,298.17 1 3
github.com/dmytrogajewski/spin/internal/core/stream/stream.go:298.17,299.44 1 3
github.com/dmytrogajewski/spin/internal/core/stream/stream.go:299.44,301.4 1 2
github.com/dmytrogajewski/spin/internal/core/stream/stream.go:303.3,303.61 1 1
github.com/dmytrogajewski/spin/internal/core/stream/stream.go:303.61,305.4 1 0
github.com/dmytrogajewski/spin/internal/core/stream/stream.go:305.9,306.9 1 1
github.com/dmytrogajewski/spin/internal/core/stream/stream.go:309.2,309.14 1 1
github.com/dmytrogajewski/spin/internal/core/stream/types.go:38.36,48.25 2 7
github.com/dmytrogajewski/spin/internal/core/stream/types.go:48.25,50.3 1 6
github.com/dmytrogajewski/spin/internal/core/stream/types.go:51.2,51.18 1 1
