mode: set
github.com/dmytrogajewski/spin/internal/core/config.go:55.30,69.2 1 1
github.com/dmytrogajewski/spin/internal/core/config.go:72.41,76.16 3 1
github.com/dmytrogajewski/spin/internal/core/config.go:76.16,85.3 1 1
github.com/dmytrogajewski/spin/internal/core/config.go:87.2,88.51 2 1
github.com/dmytrogajewski/spin/internal/core/config.go:88.51,97.3 1 1
github.com/dmytrogajewski/spin/internal/core/config.go:99.2,99.18 1 1
github.com/dmytrogajewski/spin/internal/core/config.go:104.47,111.16 3 1
github.com/dmytrogajewski/spin/internal/core/config.go:111.16,113.17 2 1
github.com/dmytrogajewski/spin/internal/core/config.go:113.17,116.55 2 0
github.com/dmytrogajewski/spin/internal/core/config.go:116.55,118.5 1 0
github.com/dmytrogajewski/spin/internal/core/config.go:120.3,120.21 1 1
github.com/dmytrogajewski/spin/internal/core/config.go:120.21,122.4 1 1
github.com/dmytrogajewski/spin/internal/core/config.go:126.2,130.39 3 1
github.com/dmytrogajewski/spin/internal/core/config.go:130.39,136.3 1 0
github.com/dmytrogajewski/spin/internal/core/config.go:138.2,138.17 1 1
github.com/dmytrogajewski/spin/internal/core/config.go:142.35,145.22 2 1
github.com/dmytrogajewski/spin/internal/core/config.go:145.22,147.3 1 1
github.com/dmytrogajewski/spin/internal/core/config.go:149.2,149.19 1 1
github.com/dmytrogajewski/spin/internal/core/config.go:149.19,151.3 1 1
github.com/dmytrogajewski/spin/internal/core/config.go:153.2,153.21 1 1
github.com/dmytrogajewski/spin/internal/core/config.go:153.21,155.3 1 1
github.com/dmytrogajewski/spin/internal/core/config.go:157.2,157.20 1 1
github.com/dmytrogajewski/spin/internal/core/config.go:157.20,159.3 1 1
github.com/dmytrogajewski/spin/internal/core/config.go:162.2,164.34 3 1
github.com/dmytrogajewski/spin/internal/core/config.go:164.34,165.28 1 1
github.com/dmytrogajewski/spin/internal/core/config.go:165.28,167.9 2 1
github.com/dmytrogajewski/spin/internal/core/config.go:170.2,170.16 1 1
github.com/dmytrogajewski/spin/internal/core/config.go:170.16,172.3 1 1
github.com/dmytrogajewski/spin/internal/core/config.go:174.2,174.22 1 1
github.com/dmytrogajewski/spin/internal/core/config.go:174.22,176.3 1 1
github.com/dmytrogajewski/spin/internal/core/config.go:178.2,178.19 1 1
github.com/dmytrogajewski/spin/internal/core/config.go:178.19,180.3 1 1
github.com/dmytrogajewski/spin/internal/core/config.go:182.2,182.12 1 1
github.com/dmytrogajewski/spin/internal/core/config.go:187.47,195.2 7 1
github.com/dmytrogajewski/spin/internal/core/config.go:198.39,221.37 2 1
github.com/dmytrogajewski/spin/internal/core/config.go:221.37,223.3 1 1
github.com/dmytrogajewski/spin/internal/core/config.go:225.2,225.15 1 1
github.com/dmytrogajewski/spin/internal/core/config.go:229.53,230.41 1 1
github.com/dmytrogajewski/spin/internal/core/config.go:230.41,232.3 1 1
github.com/dmytrogajewski/spin/internal/core/config.go:236.51,237.26 1 1
github.com/dmytrogajewski/spin/internal/core/config.go:237.26,239.3 1 1
github.com/dmytrogajewski/spin/internal/core/config.go:240.2,240.23 1 1
github.com/dmytrogajewski/spin/internal/core/config.go:240.23,242.3 1 1
github.com/dmytrogajewski/spin/internal/core/config.go:243.2,243.25 1 1
github.com/dmytrogajewski/spin/internal/core/config.go:243.25,245.3 1 1
github.com/dmytrogajewski/spin/internal/core/config.go:246.2,246.29 1 1
github.com/dmytrogajewski/spin/internal/core/config.go:246.29,248.3 1 0
github.com/dmytrogajewski/spin/internal/core/config.go:249.2,249.28 1 1
github.com/dmytrogajewski/spin/internal/core/config.go:249.28,251.3 1 0
github.com/dmytrogajewski/spin/internal/core/config.go:252.2,252.28 1 1
github.com/dmytrogajewski/spin/internal/core/config.go:252.28,254.3 1 0
github.com/dmytrogajewski/spin/internal/core/config.go:258.48,259.25 1 1
github.com/dmytrogajewski/spin/internal/core/config.go:259.25,261.3 1 1
github.com/dmytrogajewski/spin/internal/core/config.go:262.2,262.24 1 1
github.com/dmytrogajewski/spin/internal/core/config.go:262.24,264.3 1 0
github.com/dmytrogajewski/spin/internal/core/config.go:265.2,265.26 1 1
github.com/dmytrogajewski/spin/internal/core/config.go:265.26,267.3 1 0
github.com/dmytrogajewski/spin/internal/core/config.go:268.2,268.29 1 1
github.com/dmytrogajewski/spin/internal/core/config.go:268.29,270.3 1 0
github.com/dmytrogajewski/spin/internal/core/config.go:271.2,271.29 1 1
github.com/dmytrogajewski/spin/internal/core/config.go:271.29,273.3 1 0
github.com/dmytrogajewski/spin/internal/core/config.go:277.50,278.36 1 1
github.com/dmytrogajewski/spin/internal/core/config.go:278.36,280.3 1 1
github.com/dmytrogajewski/spin/internal/core/config.go:281.2,281.31 1 1
github.com/dmytrogajewski/spin/internal/core/config.go:281.31,283.3 1 0
github.com/dmytrogajewski/spin/internal/core/config.go:287.55,288.72 1 1
github.com/dmytrogajewski/spin/internal/core/config.go:288.72,290.3 1 0
github.com/dmytrogajewski/spin/internal/core/config.go:291.2,291.39 1 1
github.com/dmytrogajewski/spin/internal/core/config.go:291.39,293.3 1 1
github.com/dmytrogajewski/spin/internal/core/config.go:294.2,294.43 1 1
github.com/dmytrogajewski/spin/internal/core/config.go:294.43,296.3 1 1
github.com/dmytrogajewski/spin/internal/core/config.go:297.2,297.47 1 1
github.com/dmytrogajewski/spin/internal/core/config.go:297.47,299.3 1 0
github.com/dmytrogajewski/spin/internal/core/config.go:303.28,313.45 5 1
github.com/dmytrogajewski/spin/internal/core/config.go:313.45,314.50 1 1
github.com/dmytrogajewski/spin/internal/core/config.go:314.50,316.4 1 1
github.com/dmytrogajewski/spin/internal/core/config.go:319.2,319.12 1 1
github.com/dmytrogajewski/spin/internal/core/config.go:323.37,334.32 2 1
github.com/dmytrogajewski/spin/internal/core/config.go:334.32,335.35 1 1
github.com/dmytrogajewski/spin/internal/core/config.go:335.35,337.4 1 1
github.com/dmytrogajewski/spin/internal/core/config.go:342.34,350.35 2 1
github.com/dmytrogajewski/spin/internal/core/config.go:350.35,351.35 1 1
github.com/dmytrogajewski/spin/internal/core/config.go:351.35,352.45 1 1
github.com/dmytrogajewski/spin/internal/core/config.go:352.45,354.5 1 1
github.com/dmytrogajewski/spin/internal/core/config.go:360.35,368.36 2 1
github.com/dmytrogajewski/spin/internal/core/config.go:368.36,369.35 1 1
github.com/dmytrogajewski/spin/internal/core/config.go:369.35,370.50 1 0
github.com/dmytrogajewski/spin/internal/core/config.go:370.50,372.5 1 0
github.com/dmytrogajewski/spin/internal/core/error.go:72.36,73.11 1 1
github.com/dmytrogajewski/spin/internal/core/error.go:74.22,75.19 1 1
github.com/dmytrogajewski/spin/internal/core/error.go:76.27,77.25 1 1
github.com/dmytrogajewski/spin/internal/core/error.go:78.23,79.21 1 1
github.com/dmytrogajewski/spin/internal/core/error.go:80.28,81.26 1 1
github.com/dmytrogajewski/spin/internal/core/error.go:82.31,83.29 1 1
github.com/dmytrogajewski/spin/internal/core/error.go:84.22,85.19 1 1
github.com/dmytrogajewski/spin/internal/core/error.go:86.24,87.21 1 1
github.com/dmytrogajewski/spin/internal/core/error.go:88.23,89.20 1 1
github.com/dmytrogajewski/spin/internal/core/error.go:90.23,91.20 1 1
github.com/dmytrogajewski/spin/internal/core/error.go:92.10,93.19 1 0
github.com/dmytrogajewski/spin/internal/core/error.go:113.32,114.18 1 1
github.com/dmytrogajewski/spin/internal/core/error.go:114.18,116.3 1 1
github.com/dmytrogajewski/spin/internal/core/error.go:117.2,117.13 1 1
github.com/dmytrogajewski/spin/internal/core/error.go:121.32,123.2 1 1
github.com/dmytrogajewski/spin/internal/core/error.go:126.39,128.9 2 1
github.com/dmytrogajewski/spin/internal/core/error.go:128.9,130.3 1 1
github.com/dmytrogajewski/spin/internal/core/error.go:132.2,132.58 1 1
github.com/dmytrogajewski/spin/internal/core/error.go:132.58,134.3 1 1
github.com/dmytrogajewski/spin/internal/core/error.go:135.2,135.14 1 1
github.com/dmytrogajewski/spin/internal/core/error.go:157.32,158.11 1 1
github.com/dmytrogajewski/spin/internal/core/error.go:159.17,160.16 1 1
github.com/dmytrogajewski/spin/internal/core/error.go:161.20,162.19 1 1
github.com/dmytrogajewski/spin/internal/core/error.go:163.19,164.18 1 1
github.com/dmytrogajewski/spin/internal/core/error.go:165.22,166.21 1 1
github.com/dmytrogajewski/spin/internal/core/error.go:167.19,168.18 1 1
github.com/dmytrogajewski/spin/internal/core/error.go:169.22,170.21 1 1
github.com/dmytrogajewski/spin/internal/core/error.go:171.10,172.19 1 0
github.com/dmytrogajewski/spin/internal/core/error.go:177.46,179.2 1 1
github.com/dmytrogajewski/spin/internal/core/error.go:182.50,184.13 2 1
github.com/dmytrogajewski/spin/internal/core/error.go:185.14,186.17 1 1
github.com/dmytrogajewski/spin/internal/core/error.go:187.17,188.20 1 1
github.com/dmytrogajewski/spin/internal/core/error.go:189.16,190.19 1 0
github.com/dmytrogajewski/spin/internal/core/error.go:191.19,192.22 1 1
github.com/dmytrogajewski/spin/internal/core/error.go:193.16,194.19 1 1
github.com/dmytrogajewski/spin/internal/core/error.go:195.19,196.22 1 0
github.com/dmytrogajewski/spin/internal/core/error.go:197.10,198.46 1 1
github.com/dmytrogajewski/spin/internal/core/error.go:200.2,200.12 1 1
github.com/dmytrogajewski/spin/internal/core/error.go:225.35,226.17 1 1
github.com/dmytrogajewski/spin/internal/core/error.go:226.17,236.3 1 1
github.com/dmytrogajewski/spin/internal/core/error.go:238.2,238.18 1 1
github.com/dmytrogajewski/spin/internal/core/error.go:238.18,248.3 1 1
github.com/dmytrogajewski/spin/internal/core/error.go:251.2,251.44 1 1
github.com/dmytrogajewski/spin/internal/core/error.go:251.44,256.44 3 1
github.com/dmytrogajewski/spin/internal/core/error.go:256.44,266.4 1 1
github.com/dmytrogajewski/spin/internal/core/error.go:269.2,269.12 1 1
github.com/dmytrogajewski/spin/internal/core/error.go:285.54,291.2 1 1
github.com/dmytrogajewski/spin/internal/core/history.go:74.62,75.22 1 1
github.com/dmytrogajewski/spin/internal/core/history.go:75.22,77.3 1 0
github.com/dmytrogajewski/spin/internal/core/history.go:79.2,83.3 1 1
github.com/dmytrogajewski/spin/internal/core/history.go:91.40,93.2 1 0
github.com/dmytrogajewski/spin/internal/core/history.go:101.49,102.20 1 1
github.com/dmytrogajewski/spin/internal/core/history.go:102.20,104.3 1 1
github.com/dmytrogajewski/spin/internal/core/history.go:106.2,110.18 3 1
github.com/dmytrogajewski/spin/internal/core/history.go:110.18,112.3 1 1
github.com/dmytrogajewski/spin/internal/core/history.go:115.2,115.28 1 1
github.com/dmytrogajewski/spin/internal/core/history.go:115.28,117.3 1 1
github.com/dmytrogajewski/spin/internal/core/history.go:120.2,120.21 1 1
github.com/dmytrogajewski/spin/internal/core/history.go:120.21,124.3 2 1
github.com/dmytrogajewski/spin/internal/core/history.go:126.2,127.12 2 1
github.com/dmytrogajewski/spin/internal/core/history.go:133.58,138.2 1 1
github.com/dmytrogajewski/spin/internal/core/history.go:143.56,148.2 1 1
github.com/dmytrogajewski/spin/internal/core/history.go:153.61,158.2 1 1
github.com/dmytrogajewski/spin/internal/core/history.go:165.68,171.2 1 1
github.com/dmytrogajewski/spin/internal/core/history.go:177.40,185.2 5 1
github.com/dmytrogajewski/spin/internal/core/history.go:191.46,193.2 1 0
github.com/dmytrogajewski/spin/internal/core/history.go:198.59,202.28 3 1
github.com/dmytrogajewski/spin/internal/core/history.go:202.28,203.29 1 1
github.com/dmytrogajewski/spin/internal/core/history.go:203.29,207.4 2 1
github.com/dmytrogajewski/spin/internal/core/history.go:210.2,210.61 1 1
github.com/dmytrogajewski/spin/internal/core/history.go:216.51,220.26 3 1
github.com/dmytrogajewski/spin/internal/core/history.go:220.26,222.3 1 1
github.com/dmytrogajewski/spin/internal/core/history.go:225.2,226.18 2 1
github.com/dmytrogajewski/spin/internal/core/history.go:232.64,237.33 4 0
github.com/dmytrogajewski/spin/internal/core/history.go:237.33,238.37 1 0
github.com/dmytrogajewski/spin/internal/core/history.go:238.37,240.4 1 0
github.com/dmytrogajewski/spin/internal/core/history.go:243.2,243.15 1 0
github.com/dmytrogajewski/spin/internal/core/history.go:247.31,252.2 3 1
github.com/dmytrogajewski/spin/internal/core/history.go:257.36,262.2 3 1
github.com/dmytrogajewski/spin/internal/core/history.go:266.42,268.33 2 1
github.com/dmytrogajewski/spin/internal/core/history.go:268.33,270.3 1 1
github.com/dmytrogajewski/spin/internal/core/history.go:271.2,271.14 1 1
github.com/dmytrogajewski/spin/internal/core/history.go:275.34,280.2 3 1
github.com/dmytrogajewski/spin/internal/core/history.go:290.46,294.36 3 1
github.com/dmytrogajewski/spin/internal/core/history.go:294.36,296.3 1 1
github.com/dmytrogajewski/spin/internal/core/history.go:299.2,302.61 3 1
github.com/dmytrogajewski/spin/internal/core/history.go:302.61,305.3 2 0
github.com/dmytrogajewski/spin/internal/core/history.go:305.8,307.3 1 1
github.com/dmytrogajewski/spin/internal/core/history.go:310.2,311.22 2 1
github.com/dmytrogajewski/spin/internal/core/history.go:311.22,313.3 1 0
github.com/dmytrogajewski/spin/internal/core/history.go:316.2,317.22 2 1
github.com/dmytrogajewski/spin/internal/core/history.go:317.22,319.3 1 0
github.com/dmytrogajewski/spin/internal/core/history.go:321.2,324.42 2 1
github.com/dmytrogajewski/spin/internal/core/history.go:324.42,326.32 2 1
github.com/dmytrogajewski/spin/internal/core/history.go:326.32,327.9 1 1
github.com/dmytrogajewski/spin/internal/core/history.go:330.3,331.22 2 1
github.com/dmytrogajewski/spin/internal/core/history.go:334.2,335.12 2 1
github.com/dmytrogajewski/spin/internal/core/history.go:339.41,341.2 1 1
github.com/dmytrogajewski/spin/internal/core/history.go:346.55,351.31 4 1
github.com/dmytrogajewski/spin/internal/core/history.go:351.31,353.3 1 1
github.com/dmytrogajewski/spin/internal/core/history.go:355.2,356.20 2 1
github.com/dmytrogajewski/spin/internal/core/history.go:356.20,358.3 1 0
github.com/dmytrogajewski/spin/internal/core/history.go:360.2,360.46 1 1
github.com/dmytrogajewski/spin/internal/core/history.go:366.33,371.61 3 1
github.com/dmytrogajewski/spin/internal/core/history.go:371.61,373.3 1 1
github.com/dmytrogajewski/spin/internal/core/history.go:373.8,375.3 1 0
github.com/dmytrogajewski/spin/internal/core/history.go:377.2,377.12 1 1
github.com/dmytrogajewski/spin/internal/core/history.go:383.36,389.2 4 1
github.com/dmytrogajewski/spin/internal/core/history.go:394.53,395.37 1 1
github.com/dmytrogajewski/spin/internal/core/history.go:395.37,397.3 1 0
github.com/dmytrogajewski/spin/internal/core/history.go:399.2,399.42 1 1
github.com/dmytrogajewski/spin/internal/core/history.go:405.36,418.2 5 1
github.com/dmytrogajewski/spin/internal/core/history.go:423.45,425.16 2 1
github.com/dmytrogajewski/spin/internal/core/history.go:425.16,427.3 1 0
github.com/dmytrogajewski/spin/internal/core/history.go:429.2,430.16 2 1
github.com/dmytrogajewski/spin/internal/core/history.go:430.16,432.3 1 0
github.com/dmytrogajewski/spin/internal/core/history.go:434.2,434.12 1 1
github.com/dmytrogajewski/spin/internal/core/history.go:440.48,453.16 5 1
github.com/dmytrogajewski/spin/internal/core/history.go:453.16,455.3 1 0
github.com/dmytrogajewski/spin/internal/core/history.go:457.2,457.18 1 1
github.com/dmytrogajewski/spin/internal/core/history.go:463.65,465.16 2 1
github.com/dmytrogajewski/spin/internal/core/history.go:465.16,467.3 1 0
github.com/dmytrogajewski/spin/internal/core/history.go:469.2,469.36 1 1
github.com/dmytrogajewski/spin/internal/core/history.go:475.69,476.22 1 1
github.com/dmytrogajewski/spin/internal/core/history.go:476.22,478.3 1 0
github.com/dmytrogajewski/spin/internal/core/history.go:480.2,482.16 3 1
github.com/dmytrogajewski/spin/internal/core/history.go:482.16,484.3 1 0
github.com/dmytrogajewski/spin/internal/core/history.go:486.2,489.38 2 1
github.com/dmytrogajewski/spin/internal/core/history.go:489.38,494.3 3 1
github.com/dmytrogajewski/spin/internal/core/history.go:496.2,496.21 1 1
github.com/dmytrogajewski/spin/internal/core/tokenizer.go:30.50,31.16 1 1
github.com/dmytrogajewski/spin/internal/core/tokenizer.go:31.16,33.3 1 0
github.com/dmytrogajewski/spin/internal/core/tokenizer.go:36.2,43.31 4 1
github.com/dmytrogajewski/spin/internal/core/tokenizer.go:43.31,45.3 1 0
github.com/dmytrogajewski/spin/internal/core/tokenizer.go:47.2,47.15 1 1
github.com/dmytrogajewski/spin/internal/core/tokenizer.go:54.65,57.31 2 1
github.com/dmytrogajewski/spin/internal/core/tokenizer.go:57.31,66.29 4 1
github.com/dmytrogajewski/spin/internal/core/tokenizer.go:66.29,67.37 1 0
github.com/dmytrogajewski/spin/internal/core/tokenizer.go:67.37,71.5 3 0
github.com/dmytrogajewski/spin/internal/core/tokenizer.go:75.2,75.14 1 1
